---
source: tests/parser_snapshots.rs
expression: tree
---
ROOT@0..110
  ROXYGEN_BLOCK@0..88
    ROXYGEN_SECTION@0..88
      ROXYGEN_PARAGRAPH@0..9
        ROXYGEN_MARKER@0..2 "#'"
        WHITESPACE@2..3 " "
        ROXYGEN_TEXT@3..8 "Title"
        NEWLINE@8..9 "\n"
      ROXYGEN_MARKER@9..11 "#'"
      NEWLINE@11..12 "\n"
      ROXYGEN_PARAGRAPH@12..88
        ROXYGEN_MARKER@12..14 "#'"
        WHITESPACE@14..15 " "
        ROXYGEN_TEXT@15..35 "Description. It has "
        ROXYGEN_RD_MACRO@35..38
          ROXYGEN_RD_MACRO_NAME@35..38 "\\rd"
        ROXYGEN_TEXT@38..39 " "
        ROXYGEN_RD_MACRO@39..48
          ROXYGEN_RD_MACRO_NAME@39..48 "\\commands"
        ROXYGEN_TEXT@48..49 "."
        NEWLINE@49..50 "\n"
        ROXYGEN_MARKER@50..52 "#'"
        WHITESPACE@52..53 " "
        ROXYGEN_TEXT@53..88 "A known \\cr stays tex ..."
  NEWLINE@88..89 "\n"
  ASSIGNMENT_EXPR@89..109
    IDENT@89..92 "foo"
    WHITESPACE@92..93 " "
    ASSIGN_LEFT@93..95 "<-"
    WHITESPACE@95..96 " "
    FUNCTION_EXPR@96..109
      FUNCTION_KW@96..104 "function"
      LPAREN@104..105 "("
      RPAREN@105..106 ")"
      WHITESPACE@106..107 " "
      BLOCK_EXPR@107..109
        LBRACE@107..108 "{"
        RBRACE@108..109 "}"
  NEWLINE@109..110 "\n"
