---
source: tests/parser_snapshots.rs
expression: tree
---
ROOT@0..73
  ROXYGEN_BLOCK@0..53
    ROXYGEN_SECTION@0..47
      ROXYGEN_PARAGRAPH@0..47
        ROXYGEN_MARKER@0..2 "#'"
        WHITESPACE@2..3 " "
        ROXYGEN_TEXT@3..8 "Call "
        ROXYGEN_MD_LINK@8..16
          ROXYGEN_MD_DELIM@8..9 "["
          ROXYGEN_TEXT@9..15 "mean()"
          ROXYGEN_MD_DELIM@15..16 "]"
        ROXYGEN_TEXT@16..20 " or "
        ROXYGEN_MD_LINK@20..37
          ROXYGEN_MD_DELIM@20..21 "["
          ROXYGEN_TEXT@21..36 "stats::median()"
          ROXYGEN_MD_DELIM@36..37 "]"
        ROXYGEN_TEXT@37..46 " instead."
        NEWLINE@46..47 "\n"
    ROXYGEN_SECTION@47..53
      ROXYGEN_MARKER@47..49 "#'"
      WHITESPACE@49..50 " "
      ROXYGEN_TAG@50..53
        ROXYGEN_AT@50..51 "@"
        ROXYGEN_TAG_NAME@51..53 "md"
  NEWLINE@53..54 "\n"
  ASSIGNMENT_EXPR@54..72
    IDENT@54..55 "f"
    WHITESPACE@55..56 " "
    ASSIGN_LEFT@56..58 "<-"
    WHITESPACE@58..59 " "
    FUNCTION_EXPR@59..72
      FUNCTION_KW@59..67 "function"
      LPAREN@67..68 "("
      IDENT@68..69 "x"
      RPAREN@69..70 ")"
      WHITESPACE@70..71 " "
      IDENT@71..72 "x"
  NEWLINE@72..73 "\n"
