---
source: tests/parser_snapshots.rs
expression: tree
---
ROOT@0..53
  ROXYGEN_BLOCK@0..33
    ROXYGEN_LINE@0..33
      ROXYGEN_MARKER@0..2 "#'"
      WHITESPACE@2..3 " "
      ROXYGEN_TEXT@3..33 "A lone ` backtick sta ..."
  NEWLINE@33..34 "\n"
  ASSIGNMENT_EXPR@34..52
    IDENT@34..35 "f"
    WHITESPACE@35..36 " "
    ASSIGN_LEFT@36..38 "<-"
    WHITESPACE@38..39 " "
    FUNCTION_EXPR@39..52
      FUNCTION_KW@39..47 "function"
      LPAREN@47..48 "("
      IDENT@48..49 "x"
      RPAREN@49..50 ")"
      WHITESPACE@50..51 " "
      IDENT@51..52 "x"
  NEWLINE@52..53 "\n"
