---
source: tests/parser_snapshots.rs
expression: tree
---
ROOT@0..24
  CALL_EXPR@0..23
    IDENT@0..9 "structure"
    LPAREN@9..10 "("
    ARG_LIST@10..22
      ARG@10..22
        CALL_EXPR@10..22
          IDENT@10..14 "list"
          NEWLINE@14..15 "\n"
          LPAREN@15..16 "("
          ARG_LIST@16..21
            ARG@16..21
              IDENT@16..17 "h"
              WHITESPACE@17..18 " "
              ASSIGN_EQ@18..19 "="
              WHITESPACE@19..20 " "
              INT@20..21 "1"
          RPAREN@21..22 ")"
    RPAREN@22..23 ")"
  NEWLINE@23..24 "\n"
