---
source: tests/parser_snapshots.rs
expression: tree
---
ROOT@0..102
  ROXYGEN_BLOCK@0..96
    ROXYGEN_SECTION@0..14
      ROXYGEN_MARKER@0..2 "#'"
      WHITESPACE@2..3 " "
      ROXYGEN_TAG@3..13
        ROXYGEN_AT@3..4 "@"
        ROXYGEN_TAG_NAME@4..9 "title"
        WHITESPACE@9..10 " "
        ROXYGEN_TEXT@10..13 "Foo"
      NEWLINE@13..14 "\n"
    ROXYGEN_SECTION@14..36
      ROXYGEN_MARKER@14..16 "#'"
      WHITESPACE@16..17 " "
      ROXYGEN_TAG@17..35
        ROXYGEN_AT@17..18 "@"
        ROXYGEN_TAG_NAME@18..29 "description"
        WHITESPACE@29..30 " "
        ROXYGEN_TEXT@30..35 "Desc."
      NEWLINE@35..36 "\n"
    ROXYGEN_SECTION@36..43
      ROXYGEN_MARKER@36..38 "#'"
      WHITESPACE@38..39 " "
      ROXYGEN_TAG@39..42
        ROXYGEN_AT@39..40 "@"
        ROXYGEN_TAG_NAME@40..42 "md"
      NEWLINE@42..43 "\n"
    ROXYGEN_SECTION@43..86
      ROXYGEN_MARKER@43..45 "#'"
      WHITESPACE@45..46 " "
      ROXYGEN_TAG@46..54
        ROXYGEN_AT@46..47 "@"
        ROXYGEN_TAG_NAME@47..54 "details"
      ROXYGEN_MD_HEADING@54..71
        WHITESPACE@54..55 " "
        ROXYGEN_TEXT@55..64 "Big Title"
        NEWLINE@64..65 "\n"
        ROXYGEN_MARKER@65..67 "#'"
        WHITESPACE@67..68 " "
        ROXYGEN_TEXT@68..71 "==="
      NEWLINE@71..72 "\n"
      ROXYGEN_PARAGRAPH@72..86
        ROXYGEN_MARKER@72..74 "#'"
        WHITESPACE@74..75 " "
        ROXYGEN_TEXT@75..85 "body para."
        NEWLINE@85..86 "\n"
    ROXYGEN_SECTION@86..96
      ROXYGEN_MARKER@86..88 "#'"
      WHITESPACE@88..89 " "
      ROXYGEN_TAG@89..96
        ROXYGEN_AT@89..90 "@"
        ROXYGEN_TAG_NAME@90..94 "name"
        WHITESPACE@94..95 " "
        ROXYGEN_TEXT@95..96 "x"
  NEWLINE@96..97 "\n"
  IDENT@97..101 "NULL"
  NEWLINE@101..102 "\n"
