---
source: tests/parser_snapshots.rs
expression: tree
---
ROOT@0..56
  ROXYGEN_BLOCK@0..36
    ROXYGEN_SECTION@0..36
      ROXYGEN_PARAGRAPH@0..36
        ROXYGEN_MARKER@0..2 "#'"
        WHITESPACE@2..3 " "
        ROXYGEN_TEXT@3..36 "An unbalanced \\code{  ..."
  NEWLINE@36..37 "\n"
  ASSIGNMENT_EXPR@37..55
    IDENT@37..38 "f"
    WHITESPACE@38..39 " "
    ASSIGN_LEFT@39..41 "<-"
    WHITESPACE@41..42 " "
    FUNCTION_EXPR@42..55
      FUNCTION_KW@42..50 "function"
      LPAREN@50..51 "("
      IDENT@51..52 "x"
      RPAREN@52..53 ")"
      WHITESPACE@53..54 " "
      IDENT@54..55 "x"
  NEWLINE@55..56 "\n"
