---
source: tests/parser_snapshots.rs
expression: tree
---
ROOT@0..894
  ROXYGEN_BLOCK@0..76
    ROXYGEN_SECTION@0..12
      ROXYGEN_PARAGRAPH@0..9
        ROXYGEN_MARKER@0..2 "#'"
        WHITESPACE@2..3 " "
        ROXYGEN_TEXT@3..8 "Title"
        NEWLINE@8..9 "\n"
      ROXYGEN_MARKER@9..11 "#'"
      NEWLINE@11..12 "\n"
    ROXYGEN_SECTION@12..59
      ROXYGEN_MARKER@12..14 "#'"
      WHITESPACE@14..15 " "
      ROXYGEN_TAG@15..23
        ROXYGEN_AT@15..16 "@"
        ROXYGEN_TAG_NAME@16..23 "details"
      NEWLINE@23..24 "\n"
      ROXYGEN_MD_LIST@24..58
        ROXYGEN_MARKER@24..26 "#'"
        WHITESPACE@26..27 " "
        ROXYGEN_MD_LIST_ITEM@27..58
          ROXYGEN_MD_LIST_MARKER@27..28 "-"
          ROXYGEN_TEXT@28..37 " item one"
          NEWLINE@37..38 "\n"
          ROXYGEN_MARKER@38..40 "#'"
          WHITESPACE@40..41 " "
          ROXYGEN_TEXT@41..58 "lazy continuation"
      NEWLINE@58..59 "\n"
    ROXYGEN_SECTION@59..66
      ROXYGEN_MARKER@59..61 "#'"
      WHITESPACE@61..62 " "
      ROXYGEN_TAG@62..65
        ROXYGEN_AT@62..63 "@"
        ROXYGEN_TAG_NAME@63..65 "md"
      NEWLINE@65..66 "\n"
    ROXYGEN_SECTION@66..76
      ROXYGEN_MARKER@66..68 "#'"
      WHITESPACE@68..69 " "
      ROXYGEN_TAG@69..76
        ROXYGEN_AT@69..70 "@"
        ROXYGEN_TAG_NAME@70..74 "name"
        WHITESPACE@74..75 " "
        ROXYGEN_TEXT@75..76 "a"
  NEWLINE@76..77 "\n"
  IDENT@77..81 "NULL"
  NEWLINE@81..82 "\n"
  NEWLINE@82..83 "\n"
  ROXYGEN_BLOCK@83..161
    ROXYGEN_SECTION@83..95
      ROXYGEN_PARAGRAPH@83..92
        ROXYGEN_MARKER@83..85 "#'"
        WHITESPACE@85..86 " "
        ROXYGEN_TEXT@86..91 "Title"
        NEWLINE@91..92 "\n"
      ROXYGEN_MARKER@92..94 "#'"
      NEWLINE@94..95 "\n"
    ROXYGEN_SECTION@95..144
      ROXYGEN_MARKER@95..97 "#'"
      WHITESPACE@97..98 " "
      ROXYGEN_TAG@98..106
        ROXYGEN_AT@98..99 "@"
        ROXYGEN_TAG_NAME@99..106 "details"
      NEWLINE@106..107 "\n"
      ROXYGEN_MD_LIST@107..143
        ROXYGEN_MARKER@107..109 "#'"
        WHITESPACE@109..110 " "
        ROXYGEN_MD_LIST_ITEM@110..143
          ROXYGEN_MD_LIST_MARKER@110..111 "-"
          ROXYGEN_TEXT@111..113 " a"
          NEWLINE@113..114 "\n"
          ROXYGEN_MD_LIST@114..143
            ROXYGEN_MARKER@114..116 "#'"
            WHITESPACE@116..119 "   "
            ROXYGEN_MD_LIST_ITEM@119..143
              ROXYGEN_MD_LIST_MARKER@119..120 "-"
              ROXYGEN_TEXT@120..122 " b"
              NEWLINE@122..123 "\n"
              ROXYGEN_MARKER@123..125 "#'"
              WHITESPACE@125..126 " "
              ROXYGEN_TEXT@126..143 "lazy folds into b"
      NEWLINE@143..144 "\n"
    ROXYGEN_SECTION@144..151
      ROXYGEN_MARKER@144..146 "#'"
      WHITESPACE@146..147 " "
      ROXYGEN_TAG@147..150
        ROXYGEN_AT@147..148 "@"
        ROXYGEN_TAG_NAME@148..150 "md"
      NEWLINE@150..151 "\n"
    ROXYGEN_SECTION@151..161
      ROXYGEN_MARKER@151..153 "#'"
      WHITESPACE@153..154 " "
      ROXYGEN_TAG@154..161
        ROXYGEN_AT@154..155 "@"
        ROXYGEN_TAG_NAME@155..159 "name"
        WHITESPACE@159..160 " "
        ROXYGEN_TEXT@160..161 "b"
  NEWLINE@161..162 "\n"
  IDENT@162..166 "NULL"
  NEWLINE@166..167 "\n"
  NEWLINE@167..168 "\n"
  ROXYGEN_BLOCK@168..263
    ROXYGEN_SECTION@168..180
      ROXYGEN_PARAGRAPH@168..177
        ROXYGEN_MARKER@168..170 "#'"
        WHITESPACE@170..171 " "
        ROXYGEN_TEXT@171..176 "Title"
        NEWLINE@176..177 "\n"
      ROXYGEN_MARKER@177..179 "#'"
      NEWLINE@179..180 "\n"
    ROXYGEN_SECTION@180..246
      ROXYGEN_MARKER@180..182 "#'"
      WHITESPACE@182..183 " "
      ROXYGEN_TAG@183..191
        ROXYGEN_AT@183..184 "@"
        ROXYGEN_TAG_NAME@184..191 "details"
      NEWLINE@191..192 "\n"
      ROXYGEN_MD_LIST@192..245
        ROXYGEN_MARKER@192..194 "#'"
        WHITESPACE@194..195 " "
        ROXYGEN_MD_LIST_ITEM@195..245
          ROXYGEN_MD_LIST_MARKER@195..196 "-"
          ROXYGEN_TEXT@196..198 " a"
          NEWLINE@198..199 "\n"
          ROXYGEN_MARKER@199..201 "#'"
          WHITESPACE@201..202 " "
          ROXYGEN_TEXT@202..219 "lazy folds into a"
          NEWLINE@219..220 "\n"
          ROXYGEN_MD_LIST@220..245
            ROXYGEN_MARKER@220..222 "#'"
            WHITESPACE@222..225 "   "
            ROXYGEN_MD_LIST_ITEM@225..245
              ROXYGEN_MD_LIST_MARKER@225..226 "-"
              ROXYGEN_TEXT@226..245 " nested still nests"
      NEWLINE@245..246 "\n"
    ROXYGEN_SECTION@246..253
      ROXYGEN_MARKER@246..248 "#'"
      WHITESPACE@248..249 " "
      ROXYGEN_TAG@249..252
        ROXYGEN_AT@249..250 "@"
        ROXYGEN_TAG_NAME@250..252 "md"
      NEWLINE@252..253 "\n"
    ROXYGEN_SECTION@253..263
      ROXYGEN_MARKER@253..255 "#'"
      WHITESPACE@255..256 " "
      ROXYGEN_TAG@256..263
        ROXYGEN_AT@256..257 "@"
        ROXYGEN_TAG_NAME@257..261 "name"
        WHITESPACE@261..262 " "
        ROXYGEN_TEXT@262..263 "c"
  NEWLINE@263..264 "\n"
  IDENT@264..268 "NULL"
  NEWLINE@268..269 "\n"
  NEWLINE@269..270 "\n"
  ROXYGEN_BLOCK@270..323
    ROXYGEN_SECTION@270..282
      ROXYGEN_PARAGRAPH@270..279
        ROXYGEN_MARKER@270..272 "#'"
        WHITESPACE@272..273 " "
        ROXYGEN_TEXT@273..278 "Title"
        NEWLINE@278..279 "\n"
      ROXYGEN_MARKER@279..281 "#'"
      NEWLINE@281..282 "\n"
    ROXYGEN_SECTION@282..306
      ROXYGEN_MARKER@282..284 "#'"
      WHITESPACE@284..285 " "
      ROXYGEN_TAG@285..293
        ROXYGEN_AT@285..286 "@"
        ROXYGEN_TAG_NAME@286..293 "details"
      NEWLINE@293..294 "\n"
      ROXYGEN_MD_LIST@294..305
        ROXYGEN_MARKER@294..296 "#'"
        WHITESPACE@296..297 " "
        ROXYGEN_MD_LIST_ITEM@297..300
          ROXYGEN_MD_LIST_MARKER@297..298 "-"
          ROXYGEN_TEXT@298..300 " a"
        NEWLINE@300..301 "\n"
        ROXYGEN_MARKER@301..303 "#'"
        WHITESPACE@303..304 " "
        ROXYGEN_MD_LIST_ITEM@304..305
          ROXYGEN_MD_LIST_MARKER@304..305 "-"
      NEWLINE@305..306 "\n"
    ROXYGEN_SECTION@306..313
      ROXYGEN_MARKER@306..308 "#'"
      WHITESPACE@308..309 " "
      ROXYGEN_TAG@309..312
        ROXYGEN_AT@309..310 "@"
        ROXYGEN_TAG_NAME@310..312 "md"
      NEWLINE@312..313 "\n"
    ROXYGEN_SECTION@313..323
      ROXYGEN_MARKER@313..315 "#'"
      WHITESPACE@315..316 " "
      ROXYGEN_TAG@316..323
        ROXYGEN_AT@316..317 "@"
        ROXYGEN_TAG_NAME@317..321 "name"
        WHITESPACE@321..322 " "
        ROXYGEN_TEXT@322..323 "d"
  NEWLINE@323..324 "\n"
  IDENT@324..328 "NULL"
  NEWLINE@328..329 "\n"
  NEWLINE@329..330 "\n"
  ROXYGEN_BLOCK@330..395
    ROXYGEN_SECTION@330..342
      ROXYGEN_PARAGRAPH@330..339
        ROXYGEN_MARKER@330..332 "#'"
        WHITESPACE@332..333 " "
        ROXYGEN_TEXT@333..338 "Title"
        NEWLINE@338..339 "\n"
      ROXYGEN_MARKER@339..341 "#'"
      NEWLINE@341..342 "\n"
    ROXYGEN_SECTION@342..378
      ROXYGEN_MARKER@342..344 "#'"
      WHITESPACE@344..345 " "
      ROXYGEN_TAG@345..353
        ROXYGEN_AT@345..346 "@"
        ROXYGEN_TAG_NAME@346..353 "details"
      NEWLINE@353..354 "\n"
      ROXYGEN_MD_LIST@354..377
        ROXYGEN_MARKER@354..356 "#'"
        WHITESPACE@356..357 " "
        ROXYGEN_MD_LIST_ITEM@357..377
          ROXYGEN_MD_LIST_MARKER@357..359 "1."
          ROXYGEN_TEXT@359..361 " a"
          NEWLINE@361..362 "\n"
          ROXYGEN_MARKER@362..364 "#'"
          WHITESPACE@364..365 " "
          ROXYGEN_TEXT@365..377 "lazy ordered"
      NEWLINE@377..378 "\n"
    ROXYGEN_SECTION@378..385
      ROXYGEN_MARKER@378..380 "#'"
      WHITESPACE@380..381 " "
      ROXYGEN_TAG@381..384
        ROXYGEN_AT@381..382 "@"
        ROXYGEN_TAG_NAME@382..384 "md"
      NEWLINE@384..385 "\n"
    ROXYGEN_SECTION@385..395
      ROXYGEN_MARKER@385..387 "#'"
      WHITESPACE@387..388 " "
      ROXYGEN_TAG@388..395
        ROXYGEN_AT@388..389 "@"
        ROXYGEN_TAG_NAME@389..393 "name"
        WHITESPACE@393..394 " "
        ROXYGEN_TEXT@394..395 "e"
  NEWLINE@395..396 "\n"
  IDENT@396..400 "NULL"
  NEWLINE@400..401 "\n"
  NEWLINE@401..402 "\n"
  ROXYGEN_BLOCK@402..474
    ROXYGEN_SECTION@402..414
      ROXYGEN_PARAGRAPH@402..411
        ROXYGEN_MARKER@402..404 "#'"
        WHITESPACE@404..405 " "
        ROXYGEN_TEXT@405..410 "Title"
        NEWLINE@410..411 "\n"
      ROXYGEN_MARKER@411..413 "#'"
      NEWLINE@413..414 "\n"
    ROXYGEN_SECTION@414..457
      ROXYGEN_MARKER@414..416 "#'"
      WHITESPACE@416..417 " "
      ROXYGEN_TAG@417..425
        ROXYGEN_AT@417..418 "@"
        ROXYGEN_TAG_NAME@418..425 "details"
      NEWLINE@425..426 "\n"
      ROXYGEN_MD_LIST@426..456
        ROXYGEN_MARKER@426..428 "#'"
        WHITESPACE@428..429 " "
        ROXYGEN_MD_LIST_ITEM@429..456
          ROXYGEN_MD_LIST_MARKER@429..430 "-"
          ROXYGEN_TEXT@430..432 " a"
          NEWLINE@432..433 "\n"
          ROXYGEN_MARKER@433..435 "#'"
          WHITESPACE@435..436 " "
          ROXYGEN_TEXT@436..439 "==="
          NEWLINE@439..440 "\n"
          ROXYGEN_MARKER@440..442 "#'"
          WHITESPACE@442..443 " "
          ROXYGEN_TEXT@443..456 "folds as text"
      NEWLINE@456..457 "\n"
    ROXYGEN_SECTION@457..464
      ROXYGEN_MARKER@457..459 "#'"
      WHITESPACE@459..460 " "
      ROXYGEN_TAG@460..463
        ROXYGEN_AT@460..461 "@"
        ROXYGEN_TAG_NAME@461..463 "md"
      NEWLINE@463..464 "\n"
    ROXYGEN_SECTION@464..474
      ROXYGEN_MARKER@464..466 "#'"
      WHITESPACE@466..467 " "
      ROXYGEN_TAG@467..474
        ROXYGEN_AT@467..468 "@"
        ROXYGEN_TAG_NAME@468..472 "name"
        WHITESPACE@472..473 " "
        ROXYGEN_TEXT@473..474 "f"
  NEWLINE@474..475 "\n"
  IDENT@475..479 "NULL"
  NEWLINE@479..480 "\n"
  NEWLINE@480..481 "\n"
  ROXYGEN_BLOCK@481..555
    ROXYGEN_SECTION@481..493
      ROXYGEN_PARAGRAPH@481..490
        ROXYGEN_MARKER@481..483 "#'"
        WHITESPACE@483..484 " "
        ROXYGEN_TEXT@484..489 "Title"
        NEWLINE@489..490 "\n"
      ROXYGEN_MARKER@490..492 "#'"
      NEWLINE@492..493 "\n"
    ROXYGEN_SECTION@493..538
      ROXYGEN_MARKER@493..495 "#'"
      WHITESPACE@495..496 " "
      ROXYGEN_TAG@496..504
        ROXYGEN_AT@496..497 "@"
        ROXYGEN_TAG_NAME@497..504 "details"
      NEWLINE@504..505 "\n"
      ROXYGEN_MD_LIST@505..511
        ROXYGEN_MARKER@505..507 "#'"
        WHITESPACE@507..508 " "
        ROXYGEN_MD_LIST_ITEM@508..511
          ROXYGEN_MD_LIST_MARKER@508..509 "-"
          ROXYGEN_TEXT@509..511 " a"
      NEWLINE@511..512 "\n"
      ROXYGEN_MD_THEMATIC_BREAK@512..518
        ROXYGEN_MARKER@512..514 "#'"
        WHITESPACE@514..515 " "
        ROXYGEN_TEXT@515..518 "---"
      NEWLINE@518..519 "\n"
      ROXYGEN_PARAGRAPH@519..538
        ROXYGEN_MARKER@519..521 "#'"
        WHITESPACE@521..522 " "
        ROXYGEN_TEXT@522..537 "after the break"
        NEWLINE@537..538 "\n"
    ROXYGEN_SECTION@538..545
      ROXYGEN_MARKER@538..540 "#'"
      WHITESPACE@540..541 " "
      ROXYGEN_TAG@541..544
        ROXYGEN_AT@541..542 "@"
        ROXYGEN_TAG_NAME@542..544 "md"
      NEWLINE@544..545 "\n"
    ROXYGEN_SECTION@545..555
      ROXYGEN_MARKER@545..547 "#'"
      WHITESPACE@547..548 " "
      ROXYGEN_TAG@548..555
        ROXYGEN_AT@548..549 "@"
        ROXYGEN_TAG_NAME@549..553 "name"
        WHITESPACE@553..554 " "
        ROXYGEN_TEXT@554..555 "g"
  NEWLINE@555..556 "\n"
  IDENT@556..560 "NULL"
  NEWLINE@560..561 "\n"
  NEWLINE@561..562 "\n"
  ROXYGEN_BLOCK@562..636
    ROXYGEN_SECTION@562..574
      ROXYGEN_PARAGRAPH@562..571
        ROXYGEN_MARKER@562..564 "#'"
        WHITESPACE@564..565 " "
        ROXYGEN_TEXT@565..570 "Title"
        NEWLINE@570..571 "\n"
      ROXYGEN_MARKER@571..573 "#'"
      NEWLINE@573..574 "\n"
    ROXYGEN_SECTION@574..619
      ROXYGEN_MARKER@574..576 "#'"
      WHITESPACE@576..577 " "
      ROXYGEN_TAG@577..585
        ROXYGEN_AT@577..578 "@"
        ROXYGEN_TAG_NAME@578..585 "details"
      NEWLINE@585..586 "\n"
      ROXYGEN_MD_LIST@586..618
        ROXYGEN_MARKER@586..588 "#'"
        WHITESPACE@588..589 " "
        ROXYGEN_MD_LIST_ITEM@589..618
          ROXYGEN_MD_LIST_MARKER@589..590 "-"
          ROXYGEN_TEXT@590..592 " a"
          NEWLINE@592..593 "\n"
          ROXYGEN_MARKER@593..595 "#'"
          WHITESPACE@595..596 " "
          ROXYGEN_TEXT@596..605 "| x | y |"
          NEWLINE@605..606 "\n"
          ROXYGEN_MARKER@606..608 "#'"
          WHITESPACE@608..609 " "
          ROXYGEN_TEXT@609..618 "|---|---|"
      NEWLINE@618..619 "\n"
    ROXYGEN_SECTION@619..626
      ROXYGEN_MARKER@619..621 "#'"
      WHITESPACE@621..622 " "
      ROXYGEN_TAG@622..625
        ROXYGEN_AT@622..623 "@"
        ROXYGEN_TAG_NAME@623..625 "md"
      NEWLINE@625..626 "\n"
    ROXYGEN_SECTION@626..636
      ROXYGEN_MARKER@626..628 "#'"
      WHITESPACE@628..629 " "
      ROXYGEN_TAG@629..636
        ROXYGEN_AT@629..630 "@"
        ROXYGEN_TAG_NAME@630..634 "name"
        WHITESPACE@634..635 " "
        ROXYGEN_TEXT@635..636 "h"
  NEWLINE@636..637 "\n"
  IDENT@637..641 "NULL"
  NEWLINE@641..642 "\n"
  NEWLINE@642..643 "\n"
  ROXYGEN_BLOCK@643..720
    ROXYGEN_SECTION@643..655
      ROXYGEN_PARAGRAPH@643..652
        ROXYGEN_MARKER@643..645 "#'"
        WHITESPACE@645..646 " "
        ROXYGEN_TEXT@646..651 "Title"
        NEWLINE@651..652 "\n"
      ROXYGEN_MARKER@652..654 "#'"
      NEWLINE@654..655 "\n"
    ROXYGEN_SECTION@655..703
      ROXYGEN_MARKER@655..657 "#'"
      WHITESPACE@657..658 " "
      ROXYGEN_TAG@658..666
        ROXYGEN_AT@658..659 "@"
        ROXYGEN_TAG_NAME@659..666 "details"
      NEWLINE@666..667 "\n"
      ROXYGEN_MD_LIST@667..673
        ROXYGEN_MARKER@667..669 "#'"
        WHITESPACE@669..670 " "
        ROXYGEN_MD_LIST_ITEM@670..673
          ROXYGEN_MD_LIST_MARKER@670..671 "-"
          ROXYGEN_TEXT@671..673 " a"
      NEWLINE@673..674 "\n"
      ROXYGEN_MARKER@674..676 "#'"
      NEWLINE@676..677 "\n"
      ROXYGEN_PARAGRAPH@677..703
        ROXYGEN_MARKER@677..679 "#'"
        WHITESPACE@679..680 " "
        ROXYGEN_TEXT@680..702 "plain para after blank"
        NEWLINE@702..703 "\n"
    ROXYGEN_SECTION@703..710
      ROXYGEN_MARKER@703..705 "#'"
      WHITESPACE@705..706 " "
      ROXYGEN_TAG@706..709
        ROXYGEN_AT@706..707 "@"
        ROXYGEN_TAG_NAME@707..709 "md"
      NEWLINE@709..710 "\n"
    ROXYGEN_SECTION@710..720
      ROXYGEN_MARKER@710..712 "#'"
      WHITESPACE@712..713 " "
      ROXYGEN_TAG@713..720
        ROXYGEN_AT@713..714 "@"
        ROXYGEN_TAG_NAME@714..718 "name"
        WHITESPACE@718..719 " "
        ROXYGEN_TEXT@719..720 "i"
  NEWLINE@720..721 "\n"
  IDENT@721..725 "NULL"
  NEWLINE@725..726 "\n"
  NEWLINE@726..727 "\n"
  ROXYGEN_BLOCK@727..802
    ROXYGEN_SECTION@727..739
      ROXYGEN_PARAGRAPH@727..736
        ROXYGEN_MARKER@727..729 "#'"
        WHITESPACE@729..730 " "
        ROXYGEN_TEXT@730..735 "Title"
        NEWLINE@735..736 "\n"
      ROXYGEN_MARKER@736..738 "#'"
      NEWLINE@738..739 "\n"
    ROXYGEN_SECTION@739..785
      ROXYGEN_MARKER@739..741 "#'"
      WHITESPACE@741..742 " "
      ROXYGEN_TAG@742..750
        ROXYGEN_AT@742..743 "@"
        ROXYGEN_TAG_NAME@743..750 "details"
      ROXYGEN_MD_LIST@750..784
        WHITESPACE@750..751 " "
        ROXYGEN_MD_LIST_ITEM@751..784
          ROXYGEN_MD_LIST_MARKER@751..752 "-"
          ROXYGEN_TEXT@752..763 " value item"
          NEWLINE@763..764 "\n"
          ROXYGEN_MARKER@764..766 "#'"
          WHITESPACE@766..767 " "
          ROXYGEN_TEXT@767..784 "lazy continuation"
      NEWLINE@784..785 "\n"
    ROXYGEN_SECTION@785..792
      ROXYGEN_MARKER@785..787 "#'"
      WHITESPACE@787..788 " "
      ROXYGEN_TAG@788..791
        ROXYGEN_AT@788..789 "@"
        ROXYGEN_TAG_NAME@789..791 "md"
      NEWLINE@791..792 "\n"
    ROXYGEN_SECTION@792..802
      ROXYGEN_MARKER@792..794 "#'"
      WHITESPACE@794..795 " "
      ROXYGEN_TAG@795..802
        ROXYGEN_AT@795..796 "@"
        ROXYGEN_TAG_NAME@796..800 "name"
        WHITESPACE@800..801 " "
        ROXYGEN_TEXT@801..802 "j"
  NEWLINE@802..803 "\n"
  IDENT@803..807 "NULL"
  NEWLINE@807..808 "\n"
  NEWLINE@808..809 "\n"
  ROXYGEN_BLOCK@809..888
    ROXYGEN_SECTION@809..821
      ROXYGEN_PARAGRAPH@809..818
        ROXYGEN_MARKER@809..811 "#'"
        WHITESPACE@811..812 " "
        ROXYGEN_TEXT@812..817 "Title"
        NEWLINE@817..818 "\n"
      ROXYGEN_MARKER@818..820 "#'"
      NEWLINE@820..821 "\n"
    ROXYGEN_SECTION@821..871
      ROXYGEN_MARKER@821..823 "#'"
      WHITESPACE@823..824 " "
      ROXYGEN_TAG@824..832
        ROXYGEN_AT@824..825 "@"
        ROXYGEN_TAG_NAME@825..832 "details"
      NEWLINE@832..833 "\n"
      ROXYGEN_MD_LIST@833..837
        ROXYGEN_MARKER@833..835 "#'"
        WHITESPACE@835..836 " "
        ROXYGEN_MD_LIST_ITEM@836..837
          ROXYGEN_MD_LIST_MARKER@836..837 "-"
      NEWLINE@837..838 "\n"
      ROXYGEN_PARAGRAPH@838..871
        ROXYGEN_MARKER@838..840 "#'"
        WHITESPACE@840..841 " "
        ROXYGEN_TEXT@841..870 "not folded into an em ..."
        NEWLINE@870..871 "\n"
    ROXYGEN_SECTION@871..878
      ROXYGEN_MARKER@871..873 "#'"
      WHITESPACE@873..874 " "
      ROXYGEN_TAG@874..877
        ROXYGEN_AT@874..875 "@"
        ROXYGEN_TAG_NAME@875..877 "md"
      NEWLINE@877..878 "\n"
    ROXYGEN_SECTION@878..888
      ROXYGEN_MARKER@878..880 "#'"
      WHITESPACE@880..881 " "
      ROXYGEN_TAG@881..888
        ROXYGEN_AT@881..882 "@"
        ROXYGEN_TAG_NAME@882..886 "name"
        WHITESPACE@886..887 " "
        ROXYGEN_TEXT@887..888 "k"
  NEWLINE@888..889 "\n"
  IDENT@889..893 "NULL"
  NEWLINE@893..894 "\n"
