---
source: tests/parser_snapshots.rs
expression: "format!(\"{:#?}\", output.diagnostics)"
---
[
    ParseDiagnostic {
        message: "expected assignment right-hand side",
        start: 164,
        end: 165,
    },
    ParseDiagnostic {
        message: "expected ',' between subset arguments",
        start: 191,
        end: 193,
    },
    ParseDiagnostic {
        message: "expected ',' between subset arguments",
        start: 201,
        end: 203,
    },
    ParseDiagnostic {
        message: "expected ',' between subset arguments",
        start: 253,
        end: 255,
    },
    ParseDiagnostic {
        message: "expected ',' between subset arguments",
        start: 275,
        end: 277,
    },
    ParseDiagnostic {
        message: "expected ',' between subset arguments",
        start: 314,
        end: 316,
    },
    ParseDiagnostic {
        message: "expected ',' between subset arguments",
        start: 368,
        end: 369,
    },
    ParseDiagnostic {
        message: "expected closing bracket in subset expression",
        start: 156,
        end: 158,
    },
]
