---
source: tests/parser_snapshots.rs
expression: tree
---
ROOT@0..38
  ROXYGEN_BLOCK@0..30
    ROXYGEN_LINE@0..8
      ROXYGEN_MARKER@0..2 "#'"
      WHITESPACE@2..3 " "
      ROXYGEN_TEXT@3..8 "Title"
    NEWLINE@8..9 "\n"
    ROXYGEN_LINE@9..11
      ROXYGEN_MARKER@9..11 "#'"
    NEWLINE@11..12 "\n"
    ROXYGEN_LINE@12..30
      ROXYGEN_MARKER@12..14 "#'"
      WHITESPACE@14..15 " "
      ROXYGEN_TEXT@15..30 "Body paragraph."
  NEWLINE@30..31 "\n"
  ASSIGNMENT_EXPR@31..37
    IDENT@31..32 "f"
    WHITESPACE@32..33 " "
    ASSIGN_LEFT@33..35 "<-"
    WHITESPACE@35..36 " "
    INT@36..37 "1"
  NEWLINE@37..38 "\n"
