---
source: tests/parser_snapshots.rs
expression: tree
---
ROOT@0..96
  ROXYGEN_BLOCK@0..76
    ROXYGEN_SECTION@0..76
      ROXYGEN_MARKER@0..2 "#'"
      WHITESPACE@2..3 " "
      ROXYGEN_TAG@3..6
        ROXYGEN_AT@3..4 "@"
        ROXYGEN_TAG_NAME@4..6 "md"
      NEWLINE@6..7 "\n"
      ROXYGEN_PARAGRAPH@7..76
        ROXYGEN_MARKER@7..9 "#'"
        WHITESPACE@9..10 " "
        ROXYGEN_TEXT@10..21 "A shortcut "
        ROXYGEN_MD_LINK@21..28
          ROXYGEN_MD_DELIM@21..22 "["
          ROXYGEN_MD_EMPH@22..27
            ROXYGEN_MD_DELIM@22..23 "*"
            ROXYGEN_TEXT@23..26 "foo"
            ROXYGEN_MD_DELIM@26..27 "*"
          ROXYGEN_MD_DELIM@27..28 "]"
        ROXYGEN_TEXT@28..40 " drops, but "
        ROXYGEN_MD_LINK@40..45
          ROXYGEN_MD_DELIM@40..41 "["
          ROXYGEN_TEXT@41..42 "a"
          ROXYGEN_MD_DELIM@42..43 "_"
          ROXYGEN_TEXT@43..44 "b"
          ROXYGEN_MD_DELIM@44..45 "]"
        ROXYGEN_TEXT@45..47 ", "
        ROXYGEN_MD_LINK@47..55
          ROXYGEN_MD_DELIM@47..48 "["
          ROXYGEN_MD_CODE@48..54 "`code`"
          ROXYGEN_MD_DELIM@54..55 "]"
        ROXYGEN_TEXT@55..61 ", and "
        ROXYGEN_MD_LINK@61..70
          ROXYGEN_MD_DELIM@61..62 "["
          ROXYGEN_MD_CODE@62..65 "`x`"
          ROXYGEN_TEXT@65..66 " "
          ROXYGEN_MD_CODE@66..69 "`y`"
          ROXYGEN_MD_DELIM@69..70 "]"
        ROXYGEN_TEXT@70..76 " vary."
  NEWLINE@76..77 "\n"
  ASSIGNMENT_EXPR@77..95
    IDENT@77..78 "f"
    WHITESPACE@78..79 " "
    ASSIGN_LEFT@79..81 "<-"
    WHITESPACE@81..82 " "
    FUNCTION_EXPR@82..95
      FUNCTION_KW@82..90 "function"
      LPAREN@90..91 "("
      IDENT@91..92 "x"
      RPAREN@92..93 ")"
      WHITESPACE@93..94 " "
      IDENT@94..95 "x"
  NEWLINE@95..96 "\n"
