---
source: tests/rule_docs.rs
expression: render_rule_doc(&rule)
---
### `description-unknown-field`

Flag a likely misspelling of a standard `DESCRIPTION` field.

This is deliberately a near-miss check rather than a whitelist: arbitrary fields, including `Config/*`, are legal. A name is reported only when it is one edit from a standard field, or when whitespace separates an otherwise standard name from its colon. R treats that whitespace as part of the name, so `Package : mypkg` declares `Package ` rather than `Package` and is silently ignored.

There is no autofix: renaming a field changes the metadata R reads, so the author should confirm the intended spelling.

This rule is **enabled by default**.

A misspelled field that R silently ignores:

```text
Package: mypkg
Version: 0.1.0
Suggest: testthat
```

```text
warning: description-unknown-field
 --> DESCRIPTION:3:1
  |
3 | Suggest: testthat
  | ^^^^^^^ `Suggest` is not a standard DESCRIPTION field; did you mean `Suggests`?
  = help: Rename the field to `Suggests`.
```
