---
source: tests/rule_docs.rs
expression: render_rule_doc(rule.as_ref())
---
### `r-compat`

Flag syntax newer than the project's minimum supported R version.

The floor comes from `[compat] r` in `arity.toml`, or from `Depends: R (>= …)` in the package `DESCRIPTION` when the key is unset; with neither, the rule stays silent. Raw strings (`r"(…)"`) need R 4.0.0, the native pipe `|>` and the lambda shorthand `\(x)` need 4.1.0, and the pipe placeholder `_` needs 4.2.0 — on an older R, each is a syntax error. Only the lambda carries a fix (`function(x)` is its exact meaning); the pipe and raw strings have no drop-in textual equivalent, so those findings are report-only.

This rule is **enabled by default**.

The native pipe under a declared `R (>= 4.0)` floor (`r = "4.0"` under `[compat]` in `arity.toml`):

```r
y <- c(1, 2) |> sum()
print(y)
```

```text
warning: r-compat
 --> example.R:1:14
  |
1 | y <- c(1, 2) |> sum()
  |              ^^ the native pipe `|>` requires R >= 4.1.0, but this project supports R >= 4.0
  = help: Raise the floor (`[compat] r` in `arity.toml`, or `Depends: R (>= …)` in `DESCRIPTION`) or rewrite with older syntax.
```
