---
source: tests/rule_docs.rs
expression: render_rule_doc(rule.as_ref())
---
# `string-boundary`

Flag `grepl("^abc", x)` and `grepl("abc$", x)`, single-anchored fixed-string matches that are the clearer `startsWith(x, "abc")` and `endsWith(x, "abc")`—they state the prefix/suffix test directly and skip regex compilation.

The rule fires only on the clean shape (two positional arguments, a one-end-anchored plain-literal pattern) and only when `grepl` resolves to base R. The fix is **unsafe**: on `NA` or non-character input `startsWith`/`endsWith` diverge from `grepl` (`NA` vs `FALSE`, an error vs coercion).

This rule is **enabled by default**.

Anchored fixed-string matches:

```r
grepl("^abc", x)
```

```text
warning: string-boundary
 --> example.R:1:1
  |
1 | grepl("^abc", x)
  | ^^^^^^^^^^^^^^^^ single-anchor `grepl()` is the clearer `startsWith()`
  = help: Use `startsWith()`.
```
