---
source: tests/rule_docs.rs
expression: render_rule_doc(&rule)
---
### `sprintf`

Validate literal formats passed to base `sprintf()`: flag invalid conversions, definitely missing or excess arguments, and a call whose format contains no fields. The literal-only case has a safe autofix.

This rule is **enabled by default**.

A literal format with no fields needs no `sprintf()` call:

```r
label <- sprintf("ready: 100%%")
```

```text
warning: sprintf
 --> example.R:1:10
  |
1 | label <- sprintf("ready: 100%%")
  |          ^^^^^^^^^^^^^^^^^^^^^^^ `sprintf()` is pointless because the format has no fields
  = help: Use the string literal directly.
```

After applying the fix:

```r
label <- "ready: 100%"
```
