---
source: tests/rule_docs.rs
expression: render_rule_doc(&rule)
---
### `description-duplicate-field`

Flag a `DESCRIPTION` field declared more than once.

A repeated field is a silent mistake: nothing errors, and the last value quietly replaces the earlier value. Both arity and R's `read.dcf` apply that rule.

The finding is reported on the *later* occurrence, which is both the repeat and the value that takes effect. Duplicates are detected across DCF records, so a stray blank line does not hide one.

There is no autofix: removing a duplicate means choosing a value, and a fix would silently make that choice for the author.

This rule is **enabled by default**.

A field declared twice, with the later value silently taking effect:

```text
Package: mypkg
Version: 0.1.0
License: MIT + file LICENSE
Version: 0.2.0
```

```text
warning: description-duplicate-field
 --> DESCRIPTION:4:1
  |
4 | Version: 0.2.0
  | ^^^^^^^ `Version` is already declared on line 2; this later occurrence silently replaces its value
  = help: Keep one `Version` field and delete the other.
```
