---
source: crates/arity-parser/tests/parser_snapshots.rs
expression: tree
---
ROOT@0..336
  ROXYGEN_BLOCK@0..330
    ROXYGEN_SECTION@0..12
      ROXYGEN_PARAGRAPH@0..9
        ROXYGEN_MARKER@0..2 "#'"
        WHITESPACE@2..3 " "
        ROXYGEN_TEXT@3..8 "Title"
        NEWLINE@8..9 "\n"
      ROXYGEN_MARKER@9..11 "#'"
      NEWLINE@11..12 "\n"
    ROXYGEN_SECTION@12..61
      ROXYGEN_MARKER@12..14 "#'"
      WHITESPACE@14..15 " "
      ROXYGEN_TAG@15..23
        ROXYGEN_AT@15..16 "@"
        ROXYGEN_TAG_NAME@16..23 "details"
      NEWLINE@23..24 "\n"
      ROXYGEN_RD_MACRO@24..60
        ROXYGEN_MARKER@24..26 "#'"
        WHITESPACE@26..27 " "
        ROXYGEN_RD_MACRO_NAME@27..32 "\\deqn"
        ROXYGEN_RD_MACRO_DELIM@32..33 "{"
        NEWLINE@33..34 "\n"
        ROXYGEN_MARKER@34..36 "#'"
        WHITESPACE@36..39 "   "
        ROXYGEN_TEXT@39..44 "a + b"
        NEWLINE@44..45 "\n"
        ROXYGEN_MARKER@45..47 "#'"
        WHITESPACE@47..48 " "
        ROXYGEN_RD_MACRO_DELIM@48..49 "}"
        ROXYGEN_RD_MACRO_DELIM@49..50 "{"
        ROXYGEN_TEXT@50..59 "ascii sum"
        ROXYGEN_RD_MACRO_DELIM@59..60 "}"
      NEWLINE@60..61 "\n"
    ROXYGEN_SECTION@61..112
      ROXYGEN_MARKER@61..63 "#'"
      WHITESPACE@63..64 " "
      ROXYGEN_TAG@64..72
        ROXYGEN_AT@64..65 "@"
        ROXYGEN_TAG_NAME@65..72 "details"
      NEWLINE@72..73 "\n"
      ROXYGEN_RD_MACRO@73..111
        ROXYGEN_MARKER@73..75 "#'"
        WHITESPACE@75..76 " "
        ROXYGEN_RD_MACRO_NAME@76..81 "\\deqn"
        ROXYGEN_RD_MACRO_DELIM@81..82 "{"
        NEWLINE@82..83 "\n"
        ROXYGEN_MARKER@83..85 "#'"
        WHITESPACE@85..88 "   "
        ROXYGEN_TEXT@88..89 "a"
        NEWLINE@89..90 "\n"
        ROXYGEN_MARKER@90..92 "#'"
        WHITESPACE@92..93 " "
        ROXYGEN_RD_MACRO_DELIM@93..94 "}"
        ROXYGEN_RD_MACRO_DELIM@94..95 "{"
        ROXYGEN_TEXT@95..100 "first"
        NEWLINE@100..101 "\n"
        ROXYGEN_MARKER@101..103 "#'"
        WHITESPACE@103..104 " "
        ROXYGEN_TEXT@104..110 "second"
        ROXYGEN_RD_MACRO_DELIM@110..111 "}"
      NEWLINE@111..112 "\n"
    ROXYGEN_SECTION@112..159
      ROXYGEN_MARKER@112..114 "#'"
      WHITESPACE@114..115 " "
      ROXYGEN_TAG@115..123
        ROXYGEN_AT@115..116 "@"
        ROXYGEN_TAG_NAME@116..123 "details"
      NEWLINE@123..124 "\n"
      ROXYGEN_RD_MACRO@124..149
        ROXYGEN_MARKER@124..126 "#'"
        WHITESPACE@126..127 " "
        ROXYGEN_RD_MACRO_NAME@127..132 "\\deqn"
        ROXYGEN_RD_MACRO_DELIM@132..133 "{"
        NEWLINE@133..134 "\n"
        ROXYGEN_MARKER@134..136 "#'"
        WHITESPACE@136..139 "   "
        ROXYGEN_TEXT@139..144 "a + b"
        NEWLINE@144..145 "\n"
        ROXYGEN_MARKER@145..147 "#'"
        WHITESPACE@147..148 " "
        ROXYGEN_RD_MACRO_DELIM@148..149 "}"
      ROXYGEN_PARAGRAPH@149..159
        ROXYGEN_TEXT@149..158 " {spaced}"
        NEWLINE@158..159 "\n"
    ROXYGEN_SECTION@159..200
      ROXYGEN_MARKER@159..161 "#'"
      WHITESPACE@161..162 " "
      ROXYGEN_TAG@162..170
        ROXYGEN_AT@162..163 "@"
        ROXYGEN_TAG_NAME@163..170 "details"
      NEWLINE@170..171 "\n"
      ROXYGEN_RD_MACRO@171..199
        ROXYGEN_MARKER@171..173 "#'"
        WHITESPACE@173..174 " "
        ROXYGEN_RD_MACRO_NAME@174..179 "\\deqn"
        ROXYGEN_RD_MACRO_DELIM@179..180 "{"
        ROXYGEN_RD_MACRO_VERB@180..181 "a"
        ROXYGEN_RD_MACRO_DELIM@181..182 "}"
        ROXYGEN_RD_MACRO_DELIM@182..183 "{"
        NEWLINE@183..184 "\n"
        ROXYGEN_MARKER@184..186 "#'"
        WHITESPACE@186..189 "   "
        ROXYGEN_TEXT@189..194 "multi"
        NEWLINE@194..195 "\n"
        ROXYGEN_MARKER@195..197 "#'"
        WHITESPACE@197..198 " "
        ROXYGEN_RD_MACRO_DELIM@198..199 "}"
      NEWLINE@199..200 "\n"
    ROXYGEN_SECTION@200..243
      ROXYGEN_MARKER@200..202 "#'"
      WHITESPACE@202..203 " "
      ROXYGEN_TAG@203..211
        ROXYGEN_AT@203..204 "@"
        ROXYGEN_TAG_NAME@204..211 "details"
      NEWLINE@211..212 "\n"
      ROXYGEN_RD_MACRO@212..242
        ROXYGEN_MARKER@212..214 "#'"
        WHITESPACE@214..215 " "
        ROXYGEN_RD_MACRO_NAME@215..219 "\\out"
        ROXYGEN_RD_MACRO_DELIM@219..220 "{"
        NEWLINE@220..221 "\n"
        ROXYGEN_MARKER@221..223 "#'"
        WHITESPACE@223..226 "   "
        ROXYGEN_TEXT@226..237 "<b>bold</b>"
        NEWLINE@237..238 "\n"
        ROXYGEN_MARKER@238..240 "#'"
        WHITESPACE@240..241 " "
        ROXYGEN_RD_MACRO_DELIM@241..242 "}"
      NEWLINE@242..243 "\n"
    ROXYGEN_SECTION@243..320
      ROXYGEN_MARKER@243..245 "#'"
      WHITESPACE@245..246 " "
      ROXYGEN_TAG@246..254
        ROXYGEN_AT@246..247 "@"
        ROXYGEN_TAG_NAME@247..254 "details"
      NEWLINE@254..255 "\n"
      ROXYGEN_RD_MACRO@255..287
        ROXYGEN_MARKER@255..257 "#'"
        WHITESPACE@257..258 " "
        ROXYGEN_RD_MACRO_NAME@258..266 "\\itemize"
        ROXYGEN_RD_MACRO_DELIM@266..267 "{"
        NEWLINE@267..268 "\n"
        ROXYGEN_MARKER@268..270 "#'"
        WHITESPACE@270..273 "   "
        ROXYGEN_RD_MACRO@273..278
          ROXYGEN_RD_MACRO_NAME@273..278 "\\item"
        WHITESPACE@278..279 " "
        ROXYGEN_TEXT@279..282 "one"
        NEWLINE@282..283 "\n"
        ROXYGEN_MARKER@283..285 "#'"
        WHITESPACE@285..286 " "
        ROXYGEN_RD_MACRO_DELIM@286..287 "}"
      ROXYGEN_PARAGRAPH@287..320
        ROXYGEN_TEXT@287..293 " tail "
        ROXYGEN_RD_MACRO@293..301
          ROXYGEN_RD_MACRO_NAME@293..298 "\\code"
          ROXYGEN_RD_MACRO_DELIM@298..299 "{"
          ROXYGEN_TEXT@299..300 "x"
          ROXYGEN_RD_MACRO_DELIM@300..301 "}"
        ROXYGEN_TEXT@301..305 " end"
        NEWLINE@305..306 "\n"
        ROXYGEN_MARKER@306..308 "#'"
        WHITESPACE@308..309 " "
        ROXYGEN_TEXT@309..319 "more prose"
        NEWLINE@319..320 "\n"
    ROXYGEN_SECTION@320..330
      ROXYGEN_MARKER@320..322 "#'"
      WHITESPACE@322..323 " "
      ROXYGEN_TAG@323..330
        ROXYGEN_AT@323..324 "@"
        ROXYGEN_TAG_NAME@324..328 "name"
        WHITESPACE@328..329 " "
        ROXYGEN_TEXT@329..330 "x"
  NEWLINE@330..331 "\n"
  IDENT@331..335 "NULL"
  NEWLINE@335..336 "\n"
