---
source: crates/arity-parser/tests/parser_snapshots.rs
expression: tree
---
ROOT@0..547
  ROXYGEN_BLOCK@0..541
    ROXYGEN_SECTION@0..62
      ROXYGEN_PARAGRAPH@0..59
        ROXYGEN_MARKER@0..2 "#'"
        WHITESPACE@2..3 " "
        ROXYGEN_TEXT@3..58 "A two-argument Rd mac ..."
        NEWLINE@58..59 "\n"
      ROXYGEN_MARKER@59..61 "#'"
      NEWLINE@61..62 "\n"
    ROXYGEN_SECTION@62..443
      ROXYGEN_MARKER@62..64 "#'"
      WHITESPACE@64..65 " "
      ROXYGEN_TAG@65..73
        ROXYGEN_AT@65..66 "@"
        ROXYGEN_TAG_NAME@66..73 "details"
      NEWLINE@73..74 "\n"
      ROXYGEN_RD_MACRO@74..262
        ROXYGEN_MARKER@74..76 "#'"
        WHITESPACE@76..77 " "
        ROXYGEN_RD_MACRO_NAME@77..86 "\\describe"
        ROXYGEN_RD_MACRO_DELIM@86..87 "{"
        NEWLINE@87..88 "\n"
        ROXYGEN_MARKER@88..90 "#'"
        WHITESPACE@90..93 "   "
        ROXYGEN_RD_MACRO@93..135
          ROXYGEN_RD_MACRO_NAME@93..98 "\\item"
          ROXYGEN_RD_MACRO_DELIM@98..99 "{"
          ROXYGEN_TEXT@99..100 "a"
          ROXYGEN_RD_MACRO_DELIM@100..101 "}"
          ROXYGEN_RD_MACRO_DELIM@101..102 "{"
          ROXYGEN_TEXT@102..119 "a definition that"
          NEWLINE@119..120 "\n"
          ROXYGEN_MARKER@120..122 "#'"
          WHITESPACE@122..125 "   "
          ROXYGEN_TEXT@125..134 "continues"
          ROXYGEN_RD_MACRO_DELIM@134..135 "}"
        NEWLINE@135..136 "\n"
        ROXYGEN_MARKER@136..138 "#'"
        WHITESPACE@138..141 "   "
        ROXYGEN_RD_MACRO@141..214
          ROXYGEN_RD_MACRO_NAME@141..146 "\\item"
          ROXYGEN_RD_MACRO_DELIM@146..147 "{"
          ROXYGEN_RD_MACRO@147..155
            ROXYGEN_RD_MACRO_NAME@147..152 "\\code"
            ROXYGEN_RD_MACRO_DELIM@152..153 "{"
            ROXYGEN_TEXT@153..154 "t"
            ROXYGEN_RD_MACRO_DELIM@154..155 "}"
          ROXYGEN_RD_MACRO_DELIM@155..156 "}"
          ROXYGEN_RD_MACRO_DELIM@156..157 "{"
          ROXYGEN_TEXT@157..195 "a nested macro in the ..."
          NEWLINE@195..196 "\n"
          ROXYGEN_MARKER@196..198 "#'"
          WHITESPACE@198..201 "   "
          ROXYGEN_TEXT@201..213 "across lines"
          ROXYGEN_RD_MACRO_DELIM@213..214 "}"
        ROXYGEN_TEXT@214..233 " and trailing prose"
        NEWLINE@233..234 "\n"
        ROXYGEN_MARKER@234..236 "#'"
        WHITESPACE@236..239 "   "
        ROXYGEN_RD_MACRO@239..257
          ROXYGEN_RD_MACRO_NAME@239..244 "\\item"
          ROXYGEN_RD_MACRO_DELIM@244..245 "{"
          ROXYGEN_TEXT@245..246 "b"
          ROXYGEN_RD_MACRO_DELIM@246..247 "}"
          ROXYGEN_RD_MACRO_DELIM@247..248 "{"
          ROXYGEN_TEXT@248..256 "one line"
          ROXYGEN_RD_MACRO_DELIM@256..257 "}"
        NEWLINE@257..258 "\n"
        ROXYGEN_MARKER@258..260 "#'"
        WHITESPACE@260..261 " "
        ROXYGEN_RD_MACRO_DELIM@261..262 "}"
      NEWLINE@262..263 "\n"
      ROXYGEN_MARKER@263..265 "#'"
      NEWLINE@265..266 "\n"
      ROXYGEN_PARAGRAPH@266..351
        ROXYGEN_MARKER@266..268 "#'"
        WHITESPACE@268..269 " "
        ROXYGEN_TEXT@269..284 "Mid-prose too: "
        ROXYGEN_RD_MACRO@284..336
          ROXYGEN_RD_MACRO_NAME@284..289 "\\href"
          ROXYGEN_RD_MACRO_DELIM@289..290 "{"
          ROXYGEN_RD_MACRO_VERB@290..308 "http://example.org"
          ROXYGEN_RD_MACRO_DELIM@308..309 "}"
          ROXYGEN_RD_MACRO_DELIM@309..310 "{"
          ROXYGEN_TEXT@310..319 "a display"
          NEWLINE@319..320 "\n"
          ROXYGEN_MARKER@320..322 "#'"
          WHITESPACE@322..323 " "
          ROXYGEN_TEXT@323..335 "across lines"
          ROXYGEN_RD_MACRO_DELIM@335..336 "}"
        ROXYGEN_TEXT@336..350 " resumes here."
        NEWLINE@350..351 "\n"
      ROXYGEN_MARKER@351..353 "#'"
      NEWLINE@353..354 "\n"
      ROXYGEN_PARAGRAPH@354..440
        ROXYGEN_MARKER@354..356 "#'"
        WHITESPACE@356..357 " "
        ROXYGEN_TEXT@357..397 "Unclosed mid-prose st ..."
        ROXYGEN_RD_MACRO@397..422
          ROXYGEN_RD_MACRO_NAME@397..402 "\\href"
          ROXYGEN_RD_MACRO_DELIM@402..403 "{"
          ROXYGEN_RD_MACRO_VERB@403..421 "http://example.org"
          ROXYGEN_RD_MACRO_DELIM@421..422 "}"
        ROXYGEN_TEXT@422..428 "{never"
        NEWLINE@428..429 "\n"
        ROXYGEN_MARKER@429..431 "#'"
        WHITESPACE@431..432 " "
        ROXYGEN_TEXT@432..439 "closed."
        NEWLINE@439..440 "\n"
      ROXYGEN_MARKER@440..442 "#'"
      NEWLINE@442..443 "\n"
    ROXYGEN_SECTION@443..513
      ROXYGEN_MARKER@443..445 "#'"
      WHITESPACE@445..446 " "
      ROXYGEN_TAG@446..454
        ROXYGEN_AT@446..447 "@"
        ROXYGEN_TAG_NAME@447..454 "details"
      NEWLINE@454..455 "\n"
      ROXYGEN_RD_MACRO@455..512
        ROXYGEN_MARKER@455..457 "#'"
        WHITESPACE@457..458 " "
        ROXYGEN_RD_MACRO_NAME@458..467 "\\describe"
        ROXYGEN_RD_MACRO_DELIM@467..468 "{"
        NEWLINE@468..469 "\n"
        ROXYGEN_MARKER@469..471 "#'"
        WHITESPACE@471..474 "   "
        ROXYGEN_RD_MACRO@474..512
          ROXYGEN_RD_MACRO_NAME@474..479 "\\item"
          ROXYGEN_RD_MACRO_DELIM@479..480 "{"
          ROXYGEN_TEXT@480..481 "a"
          ROXYGEN_RD_MACRO_DELIM@481..482 "}"
          ROXYGEN_RD_MACRO_DELIM@482..483 "{"
          ROXYGEN_TEXT@483..512 "unterminated to the b ..."
      NEWLINE@512..513 "\n"
    ROXYGEN_SECTION@513..541
      ROXYGEN_MARKER@513..515 "#'"
      WHITESPACE@515..516 " "
      ROXYGEN_TAG@516..541
        ROXYGEN_AT@516..517 "@"
        ROXYGEN_TAG_NAME@517..521 "name"
        WHITESPACE@521..522 " "
        ROXYGEN_TEXT@522..541 "multiline_macro_arg"
  NEWLINE@541..542 "\n"
  IDENT@542..546 "NULL"
  NEWLINE@546..547 "\n"
