---
source: crates/arity-parser/tests/parser_snapshots.rs
expression: tree
---
ROOT@0..868
  ROXYGEN_BLOCK@0..651
    ROXYGEN_SECTION@0..7
      ROXYGEN_MARKER@0..2 "#'"
      WHITESPACE@2..3 " "
      ROXYGEN_TAG@3..6
        ROXYGEN_AT@3..4 "@"
        ROXYGEN_TAG_NAME@4..6 "md"
      NEWLINE@6..7 "\n"
    ROXYGEN_SECTION@7..620
      ROXYGEN_MARKER@7..9 "#'"
      WHITESPACE@9..10 " "
      ROXYGEN_TAG@10..18
        ROXYGEN_AT@10..11 "@"
        ROXYGEN_TAG_NAME@11..18 "details"
      NEWLINE@18..19 "\n"
      ROXYGEN_RD_MACRO@19..148
        ROXYGEN_MARKER@19..21 "#'"
        WHITESPACE@21..22 " "
        ROXYGEN_RD_MACRO_NAME@22..31 "\\describe"
        ROXYGEN_RD_MACRO_DELIM@31..32 "{"
        NEWLINE@32..33 "\n"
        ROXYGEN_MARKER@33..35 "#'"
        WHITESPACE@35..38 "   "
        ROXYGEN_RD_MACRO@38..110
          ROXYGEN_RD_MACRO_NAME@38..43 "\\item"
          ROXYGEN_RD_MACRO_DELIM@43..44 "{"
          ROXYGEN_TEXT@44..48 "term"
          ROXYGEN_RD_MACRO_DELIM@48..49 "}"
          ROXYGEN_RD_MACRO_DELIM@49..50 "{"
          ROXYGEN_TEXT@50..75 "a definition, then a  ..."
          NEWLINE@75..76 "\n"
          ROXYGEN_MARKER@76..78 "#'"
          NEWLINE@78..79 "\n"
          ROXYGEN_MD_LIST@79..100
            ROXYGEN_MARKER@79..81 "#'"
            WHITESPACE@81..84 "   "
            ROXYGEN_MD_LIST_ITEM@84..89
              ROXYGEN_MD_LIST_MARKER@84..85 "-"
              ROXYGEN_TEXT@85..89 " one"
            NEWLINE@89..90 "\n"
            ROXYGEN_MARKER@90..92 "#'"
            WHITESPACE@92..95 "   "
            ROXYGEN_MD_LIST_ITEM@95..100
              ROXYGEN_MD_LIST_MARKER@95..96 "-"
              ROXYGEN_TEXT@96..100 " two"
          NEWLINE@100..101 "\n"
          ROXYGEN_MARKER@101..103 "#'"
          NEWLINE@103..104 "\n"
          ROXYGEN_MARKER@104..106 "#'"
          WHITESPACE@106..109 "   "
          ROXYGEN_RD_MACRO_DELIM@109..110 "}"
        NEWLINE@110..111 "\n"
        ROXYGEN_MARKER@111..113 "#'"
        WHITESPACE@113..116 "   "
        ROXYGEN_RD_MACRO@116..143
          ROXYGEN_RD_MACRO_NAME@116..121 "\\item"
          ROXYGEN_RD_MACRO_DELIM@121..122 "{"
          ROXYGEN_TEXT@122..127 "plain"
          ROXYGEN_RD_MACRO_DELIM@127..128 "}"
          ROXYGEN_RD_MACRO_DELIM@128..129 "{"
          ROXYGEN_TEXT@129..142 "no block here"
          ROXYGEN_RD_MACRO_DELIM@142..143 "}"
        NEWLINE@143..144 "\n"
        ROXYGEN_MARKER@144..146 "#'"
        WHITESPACE@146..147 " "
        ROXYGEN_RD_MACRO_DELIM@147..148 "}"
      NEWLINE@148..149 "\n"
      ROXYGEN_MARKER@149..151 "#'"
      NEWLINE@151..152 "\n"
      ROXYGEN_RD_MACRO@152..225
        ROXYGEN_MARKER@152..154 "#'"
        WHITESPACE@154..155 " "
        ROXYGEN_RD_MACRO_NAME@155..164 "\\describe"
        ROXYGEN_RD_MACRO_DELIM@164..165 "{"
        NEWLINE@165..166 "\n"
        ROXYGEN_MARKER@166..168 "#'"
        WHITESPACE@168..171 "   "
        ROXYGEN_RD_MACRO@171..220
          ROXYGEN_RD_MACRO_NAME@171..176 "\\item"
          ROXYGEN_RD_MACRO_DELIM@176..177 "{"
          ROXYGEN_TEXT@177..181 "lazy"
          ROXYGEN_RD_MACRO_DELIM@181..182 "}"
          ROXYGEN_RD_MACRO_DELIM@182..183 "{"
          ROXYGEN_TEXT@183..188 "intro"
          NEWLINE@188..189 "\n"
          ROXYGEN_MD_LIST@189..213
            ROXYGEN_MARKER@189..191 "#'"
            WHITESPACE@191..194 "   "
            ROXYGEN_MD_LIST_ITEM@194..201
              ROXYGEN_MD_LIST_MARKER@194..195 "-"
              ROXYGEN_TEXT@195..201 " alpha"
            NEWLINE@201..202 "\n"
            ROXYGEN_MARKER@202..204 "#'"
            WHITESPACE@204..207 "   "
            ROXYGEN_MD_LIST_ITEM@207..213
              ROXYGEN_MD_LIST_MARKER@207..208 "-"
              ROXYGEN_TEXT@208..213 " beta"
          NEWLINE@213..214 "\n"
          ROXYGEN_MARKER@214..216 "#'"
          WHITESPACE@216..219 "   "
          ROXYGEN_RD_MACRO_DELIM@219..220 "}"
        NEWLINE@220..221 "\n"
        ROXYGEN_MARKER@221..223 "#'"
        WHITESPACE@223..224 " "
        ROXYGEN_RD_MACRO_DELIM@224..225 "}"
      NEWLINE@225..226 "\n"
      ROXYGEN_MARKER@226..228 "#'"
      NEWLINE@228..229 "\n"
      ROXYGEN_RD_MACRO@229..319
        ROXYGEN_MARKER@229..231 "#'"
        WHITESPACE@231..232 " "
        ROXYGEN_RD_MACRO_NAME@232..241 "\\describe"
        ROXYGEN_RD_MACRO_DELIM@241..242 "{"
        NEWLINE@242..243 "\n"
        ROXYGEN_MARKER@243..245 "#'"
        WHITESPACE@245..248 "   "
        ROXYGEN_RD_MACRO@248..314
          ROXYGEN_RD_MACRO_NAME@248..253 "\\item"
          ROXYGEN_RD_MACRO_DELIM@253..254 "{"
          ROXYGEN_TEXT@254..258 "code"
          ROXYGEN_RD_MACRO_DELIM@258..259 "}"
          ROXYGEN_RD_MACRO_DELIM@259..260 "{"
          ROXYGEN_TEXT@260..273 "leading prose"
          NEWLINE@273..274 "\n"
          ROXYGEN_MARKER@274..276 "#'"
          NEWLINE@276..277 "\n"
          ROXYGEN_MD_CODE_BLOCK@277..307
            ROXYGEN_MARKER@277..279 "#'"
            WHITESPACE@279..282 "   "
            ROXYGEN_MD_FENCE@282..285 "```"
            NEWLINE@285..286 "\n"
            ROXYGEN_MARKER@286..288 "#'"
            WHITESPACE@288..291 "   "
            ROXYGEN_TEXT@291..298 "mean(x)"
            NEWLINE@298..299 "\n"
            ROXYGEN_MARKER@299..301 "#'"
            WHITESPACE@301..304 "   "
            ROXYGEN_MD_FENCE@304..307 "```"
          NEWLINE@307..308 "\n"
          ROXYGEN_MARKER@308..310 "#'"
          WHITESPACE@310..313 "   "
          ROXYGEN_RD_MACRO_DELIM@313..314 "}"
        NEWLINE@314..315 "\n"
        ROXYGEN_MARKER@315..317 "#'"
        WHITESPACE@317..318 " "
        ROXYGEN_RD_MACRO_DELIM@318..319 "}"
      NEWLINE@319..320 "\n"
      ROXYGEN_MARKER@320..322 "#'"
      NEWLINE@322..323 "\n"
      ROXYGEN_RD_MACRO@323..383
        ROXYGEN_MARKER@323..325 "#'"
        WHITESPACE@325..326 " "
        ROXYGEN_RD_MACRO_NAME@326..334 "\\itemize"
        ROXYGEN_RD_MACRO_DELIM@334..335 "{"
        NEWLINE@335..336 "\n"
        ROXYGEN_MARKER@336..338 "#'"
        WHITESPACE@338..341 "   "
        ROXYGEN_RD_MACRO@341..346
          ROXYGEN_RD_MACRO_NAME@341..346 "\\item"
        WHITESPACE@346..347 " "
        ROXYGEN_TEXT@347..352 "first"
        NEWLINE@352..353 "\n"
        ROXYGEN_MARKER@353..355 "#'"
        NEWLINE@355..356 "\n"
        ROXYGEN_MD_LIST@356..375
          ROXYGEN_MARKER@356..358 "#'"
          WHITESPACE@358..361 "   "
          ROXYGEN_MD_LIST_ITEM@361..365
            ROXYGEN_MD_LIST_MARKER@361..363 "1."
            ROXYGEN_TEXT@363..365 " a"
          NEWLINE@365..366 "\n"
          ROXYGEN_MARKER@366..368 "#'"
          WHITESPACE@368..371 "   "
          ROXYGEN_MD_LIST_ITEM@371..375
            ROXYGEN_MD_LIST_MARKER@371..373 "2."
            ROXYGEN_TEXT@373..375 " b"
        NEWLINE@375..376 "\n"
        ROXYGEN_MARKER@376..378 "#'"
        NEWLINE@378..379 "\n"
        ROXYGEN_MARKER@379..381 "#'"
        WHITESPACE@381..382 " "
        ROXYGEN_RD_MACRO_DELIM@382..383 "}"
      NEWLINE@383..384 "\n"
      ROXYGEN_MARKER@384..386 "#'"
      NEWLINE@386..387 "\n"
      ROXYGEN_PARAGRAPH@387..563
        ROXYGEN_MARKER@387..389 "#'"
        WHITESPACE@389..390 " "
        ROXYGEN_TEXT@390..462 "A list line that woul ..."
        NEWLINE@462..463 "\n"
        ROXYGEN_MARKER@463..465 "#'"
        WHITESPACE@465..466 " "
        ROXYGEN_TEXT@466..541 "macro's closing delim ..."
        NEWLINE@541..542 "\n"
        ROXYGEN_MARKER@542..544 "#'"
        WHITESPACE@544..545 " "
        ROXYGEN_TEXT@545..562 "stays body prose."
        NEWLINE@562..563 "\n"
      ROXYGEN_MARKER@563..565 "#'"
      NEWLINE@565..566 "\n"
      ROXYGEN_RD_MACRO@566..619
        ROXYGEN_MARKER@566..568 "#'"
        WHITESPACE@568..569 " "
        ROXYGEN_RD_MACRO_NAME@569..578 "\\describe"
        ROXYGEN_RD_MACRO_DELIM@578..579 "{"
        NEWLINE@579..580 "\n"
        ROXYGEN_MARKER@580..582 "#'"
        WHITESPACE@582..585 "   "
        ROXYGEN_RD_MACRO@585..614
          ROXYGEN_RD_MACRO_NAME@585..590 "\\item"
          ROXYGEN_RD_MACRO_DELIM@590..591 "{"
          ROXYGEN_TEXT@591..595 "shut"
          ROXYGEN_RD_MACRO_DELIM@595..596 "}"
          ROXYGEN_RD_MACRO_DELIM@596..597 "{"
          ROXYGEN_TEXT@597..602 "intro"
          NEWLINE@602..603 "\n"
          ROXYGEN_MARKER@603..605 "#'"
          WHITESPACE@605..608 "   "
          ROXYGEN_MD_LIST_MARKER@608..609 "-"
          ROXYGEN_TEXT@609..613 " one"
          ROXYGEN_RD_MACRO_DELIM@613..614 "}"
        NEWLINE@614..615 "\n"
        ROXYGEN_MARKER@615..617 "#'"
        WHITESPACE@617..618 " "
        ROXYGEN_RD_MACRO_DELIM@618..619 "}"
      NEWLINE@619..620 "\n"
    ROXYGEN_SECTION@620..651
      ROXYGEN_MARKER@620..622 "#'"
      WHITESPACE@622..623 " "
      ROXYGEN_TAG@623..651
        ROXYGEN_AT@623..624 "@"
        ROXYGEN_TAG_NAME@624..628 "name"
        WHITESPACE@628..629 " "
        ROXYGEN_TEXT@629..631 "md"
        ROXYGEN_MD_DELIM@631..632 "_"
        ROXYGEN_TEXT@632..637 "block"
        ROXYGEN_MD_DELIM@637..638 "_"
        ROXYGEN_TEXT@638..640 "in"
        ROXYGEN_MD_DELIM@640..641 "_"
        ROXYGEN_TEXT@641..646 "macro"
        ROXYGEN_MD_DELIM@646..647 "_"
        ROXYGEN_TEXT@647..651 "body"
  NEWLINE@651..652 "\n"
  IDENT@652..656 "NULL"
  NEWLINE@656..657 "\n"
  NEWLINE@657..658 "\n"
  ROXYGEN_BLOCK@658..862
    ROXYGEN_SECTION@658..730
      ROXYGEN_PARAGRAPH@658..727
        ROXYGEN_MARKER@658..660 "#'"
        WHITESPACE@660..661 " "
        ROXYGEN_TEXT@661..726 "Markdown off: no bloc ..."
        NEWLINE@726..727 "\n"
      ROXYGEN_MARKER@727..729 "#'"
      NEWLINE@729..730 "\n"
    ROXYGEN_SECTION@730..826
      ROXYGEN_MARKER@730..732 "#'"
      WHITESPACE@732..733 " "
      ROXYGEN_TAG@733..741
        ROXYGEN_AT@733..734 "@"
        ROXYGEN_TAG_NAME@734..741 "details"
      NEWLINE@741..742 "\n"
      ROXYGEN_RD_MACRO@742..825
        ROXYGEN_MARKER@742..744 "#'"
        WHITESPACE@744..745 " "
        ROXYGEN_RD_MACRO_NAME@745..754 "\\describe"
        ROXYGEN_RD_MACRO_DELIM@754..755 "{"
        NEWLINE@755..756 "\n"
        ROXYGEN_MARKER@756..758 "#'"
        WHITESPACE@758..761 "   "
        ROXYGEN_RD_MACRO@761..820
          ROXYGEN_RD_MACRO_NAME@761..766 "\\item"
          ROXYGEN_RD_MACRO_DELIM@766..767 "{"
          ROXYGEN_TEXT@767..771 "term"
          ROXYGEN_RD_MACRO_DELIM@771..772 "}"
          ROXYGEN_RD_MACRO_DELIM@772..773 "{"
          ROXYGEN_TEXT@773..785 "a definition"
          NEWLINE@785..786 "\n"
          ROXYGEN_MARKER@786..788 "#'"
          NEWLINE@788..789 "\n"
          ROXYGEN_MARKER@789..791 "#'"
          WHITESPACE@791..794 "   "
          ROXYGEN_TEXT@794..799 "- one"
          NEWLINE@799..800 "\n"
          ROXYGEN_MARKER@800..802 "#'"
          WHITESPACE@802..805 "   "
          ROXYGEN_TEXT@805..810 "- two"
          NEWLINE@810..811 "\n"
          ROXYGEN_MARKER@811..813 "#'"
          NEWLINE@813..814 "\n"
          ROXYGEN_MARKER@814..816 "#'"
          WHITESPACE@816..819 "   "
          ROXYGEN_RD_MACRO_DELIM@819..820 "}"
        NEWLINE@820..821 "\n"
        ROXYGEN_MARKER@821..823 "#'"
        WHITESPACE@823..824 " "
        ROXYGEN_RD_MACRO_DELIM@824..825 "}"
      NEWLINE@825..826 "\n"
    ROXYGEN_SECTION@826..862
      ROXYGEN_MARKER@826..828 "#'"
      WHITESPACE@828..829 " "
      ROXYGEN_TAG@829..862
        ROXYGEN_AT@829..830 "@"
        ROXYGEN_TAG_NAME@830..834 "name"
        WHITESPACE@834..835 " "
        ROXYGEN_TEXT@835..862 "md_block_in_macro_bod ..."
  NEWLINE@862..863 "\n"
  IDENT@863..867 "NULL"
  NEWLINE@867..868 "\n"
