---
source: crates/arity-parser/tests/parser_snapshots.rs
expression: tree
---
ROOT@0..805
  ROXYGEN_BLOCK@0..799
    ROXYGEN_SECTION@0..51
      ROXYGEN_PARAGRAPH@0..48
        ROXYGEN_MARKER@0..2 "#'"
        WHITESPACE@2..3 " "
        ROXYGEN_TEXT@3..47 "Rd macros with more t ..."
        NEWLINE@47..48 "\n"
      ROXYGEN_MARKER@48..50 "#'"
      NEWLINE@50..51 "\n"
    ROXYGEN_SECTION@51..717
      ROXYGEN_MARKER@51..53 "#'"
      WHITESPACE@53..54 " "
      ROXYGEN_TAG@54..62
        ROXYGEN_AT@54..55 "@"
        ROXYGEN_TAG_NAME@55..62 "details"
      NEWLINE@62..63 "\n"
      ROXYGEN_PARAGRAPH@63..153
        ROXYGEN_MARKER@63..65 "#'"
        WHITESPACE@65..66 " "
        ROXYGEN_TEXT@66..80 "Three groups: "
        ROXYGEN_RD_MACRO@80..102
          ROXYGEN_RD_MACRO_NAME@80..87 "\\ifelse"
          ROXYGEN_RD_MACRO_DELIM@87..88 "{"
          ROXYGEN_TEXT@88..92 "html"
          ROXYGEN_RD_MACRO_DELIM@92..93 "}"
          ROXYGEN_RD_MACRO_DELIM@93..94 "{"
          ROXYGEN_TEXT@94..97 "yes"
          ROXYGEN_RD_MACRO_DELIM@97..98 "}"
          ROXYGEN_RD_MACRO_DELIM@98..99 "{"
          ROXYGEN_TEXT@99..101 "no"
          ROXYGEN_RD_MACRO_DELIM@101..102 "}"
        ROXYGEN_TEXT@102..128 " and a fourth stays p ..."
        NEWLINE@128..129 "\n"
        ROXYGEN_MARKER@129..131 "#'"
        WHITESPACE@131..132 " "
        ROXYGEN_RD_MACRO@132..148
          ROXYGEN_RD_MACRO_NAME@132..139 "\\ifelse"
          ROXYGEN_RD_MACRO_DELIM@139..140 "{"
          ROXYGEN_TEXT@140..141 "a"
          ROXYGEN_RD_MACRO_DELIM@141..142 "}"
          ROXYGEN_RD_MACRO_DELIM@142..143 "{"
          ROXYGEN_TEXT@143..144 "b"
          ROXYGEN_RD_MACRO_DELIM@144..145 "}"
          ROXYGEN_RD_MACRO_DELIM@145..146 "{"
          ROXYGEN_TEXT@146..147 "c"
          ROXYGEN_RD_MACRO_DELIM@147..148 "}"
        ROXYGEN_TEXT@148..152 "{d}."
        NEWLINE@152..153 "\n"
      ROXYGEN_MARKER@153..155 "#'"
      NEWLINE@155..156 "\n"
      ROXYGEN_PARAGRAPH@156..322
        ROXYGEN_MARKER@156..158 "#'"
        WHITESPACE@158..159 " "
        ROXYGEN_TEXT@159..176 "Two groups each: "
        ROXYGEN_RD_MACRO@176..189
          ROXYGEN_RD_MACRO_NAME@176..179 "\\if"
          ROXYGEN_RD_MACRO_DELIM@179..180 "{"
          ROXYGEN_TEXT@180..185 "latex"
          ROXYGEN_RD_MACRO_DELIM@185..186 "}"
          ROXYGEN_RD_MACRO_DELIM@186..187 "{"
          ROXYGEN_TEXT@187..188 "x"
          ROXYGEN_RD_MACRO_DELIM@188..189 "}"
        ROXYGEN_TEXT@189..191 ", "
        ROXYGEN_RD_MACRO@191..210
          ROXYGEN_RD_MACRO_NAME@191..198 "\\method"
          ROXYGEN_RD_MACRO_DELIM@198..199 "{"
          ROXYGEN_TEXT@199..204 "print"
          ROXYGEN_RD_MACRO_DELIM@204..205 "}"
          ROXYGEN_RD_MACRO_DELIM@205..206 "{"
          ROXYGEN_TEXT@206..209 "foo"
          ROXYGEN_RD_MACRO_DELIM@209..210 "}"
        ROXYGEN_TEXT@210..212 ", "
        ROXYGEN_RD_MACRO@212..234
          ROXYGEN_RD_MACRO_NAME@212..221 "\\S3method"
          ROXYGEN_RD_MACRO_DELIM@221..222 "{"
          ROXYGEN_TEXT@222..228 "format"
          ROXYGEN_RD_MACRO_DELIM@228..229 "}"
          ROXYGEN_RD_MACRO_DELIM@229..230 "{"
          ROXYGEN_TEXT@230..233 "bar"
          ROXYGEN_RD_MACRO_DELIM@233..234 "}"
        ROXYGEN_TEXT@234..235 ","
        NEWLINE@235..236 "\n"
        ROXYGEN_MARKER@236..238 "#'"
        WHITESPACE@238..239 " "
        ROXYGEN_RD_MACRO@239..259
          ROXYGEN_RD_MACRO_NAME@239..248 "\\S4method"
          ROXYGEN_RD_MACRO_DELIM@248..249 "{"
          ROXYGEN_TEXT@249..253 "show"
          ROXYGEN_RD_MACRO_DELIM@253..254 "}"
          ROXYGEN_RD_MACRO_DELIM@254..255 "{"
          ROXYGEN_TEXT@255..258 "baz"
          ROXYGEN_RD_MACRO_DELIM@258..259 "}"
        ROXYGEN_TEXT@259..261 ", "
        ROXYGEN_RD_MACRO@261..286
          ROXYGEN_RD_MACRO_NAME@261..265 "\\enc"
          ROXYGEN_RD_MACRO_DELIM@265..266 "{"
          ROXYGEN_TEXT@266..275 "Jöreskog"
          ROXYGEN_RD_MACRO_DELIM@275..276 "}"
          ROXYGEN_RD_MACRO_DELIM@276..277 "{"
          ROXYGEN_TEXT@277..285 "Joreskog"
          ROXYGEN_RD_MACRO_DELIM@285..286 "}"
        ROXYGEN_TEXT@286..291 ", and"
        NEWLINE@291..292 "\n"
        ROXYGEN_MARKER@292..294 "#'"
        WHITESPACE@294..295 " "
        ROXYGEN_RD_MACRO@295..320
          ROXYGEN_RD_MACRO_NAME@295..306 "\\subsection"
          ROXYGEN_RD_MACRO_DELIM@306..307 "{"
          ROXYGEN_TEXT@307..313 "Inline"
          ROXYGEN_RD_MACRO_DELIM@313..314 "}"
          ROXYGEN_RD_MACRO_DELIM@314..315 "{"
          ROXYGEN_TEXT@315..319 "body"
          ROXYGEN_RD_MACRO_DELIM@319..320 "}"
        ROXYGEN_TEXT@320..321 "."
        NEWLINE@321..322 "\n"
      ROXYGEN_MARKER@322..324 "#'"
      NEWLINE@324..325 "\n"
      ROXYGEN_PARAGRAPH@325..394
        ROXYGEN_MARKER@325..327 "#'"
        WHITESPACE@327..328 " "
        ROXYGEN_TEXT@328..381 "A one-argument macro  ..."
        ROXYGEN_RD_MACRO@381..389
          ROXYGEN_RD_MACRO_NAME@381..386 "\\code"
          ROXYGEN_RD_MACRO_DELIM@386..387 "{"
          ROXYGEN_TEXT@387..388 "x"
          ROXYGEN_RD_MACRO_DELIM@388..389 "}"
        ROXYGEN_TEXT@389..393 "{y}."
        NEWLINE@393..394 "\n"
      ROXYGEN_MARKER@394..396 "#'"
      NEWLINE@396..397 "\n"
      ROXYGEN_RD_MACRO@397..482
        ROXYGEN_MARKER@397..399 "#'"
        WHITESPACE@399..400 " "
        ROXYGEN_RD_MACRO_NAME@400..411 "\\subsection"
        ROXYGEN_RD_MACRO_DELIM@411..412 "{"
        ROXYGEN_TEXT@412..428 "Spanning heading"
        ROXYGEN_RD_MACRO_DELIM@428..429 "}"
        ROXYGEN_RD_MACRO_DELIM@429..430 "{"
        NEWLINE@430..431 "\n"
        ROXYGEN_MARKER@431..433 "#'"
        WHITESPACE@433..436 "   "
        ROXYGEN_TEXT@436..477 "A two-argument macro' ..."
        NEWLINE@477..478 "\n"
        ROXYGEN_MARKER@478..480 "#'"
        WHITESPACE@480..481 " "
        ROXYGEN_RD_MACRO_DELIM@481..482 "}"
      NEWLINE@482..483 "\n"
      ROXYGEN_MARKER@483..485 "#'"
      NEWLINE@485..486 "\n"
      ROXYGEN_RD_MACRO@486..583
        ROXYGEN_MARKER@486..488 "#'"
        WHITESPACE@488..489 " "
        ROXYGEN_RD_MACRO_NAME@489..496 "\\ifelse"
        ROXYGEN_RD_MACRO_DELIM@496..497 "{"
        ROXYGEN_TEXT@497..501 "html"
        ROXYGEN_RD_MACRO_DELIM@501..502 "}"
        ROXYGEN_RD_MACRO_DELIM@502..503 "{"
        NEWLINE@503..504 "\n"
        ROXYGEN_MARKER@504..506 "#'"
        WHITESPACE@506..509 "   "
        ROXYGEN_TEXT@509..537 "The html branch spans ..."
        NEWLINE@537..538 "\n"
        ROXYGEN_MARKER@538..540 "#'"
        WHITESPACE@540..541 " "
        ROXYGEN_RD_MACRO_DELIM@541..542 "}"
        ROXYGEN_RD_MACRO_DELIM@542..543 "{"
        NEWLINE@543..544 "\n"
        ROXYGEN_MARKER@544..546 "#'"
        WHITESPACE@546..549 "   "
        ROXYGEN_TEXT@549..578 "The fallback branch d ..."
        NEWLINE@578..579 "\n"
        ROXYGEN_MARKER@579..581 "#'"
        WHITESPACE@581..582 " "
        ROXYGEN_RD_MACRO_DELIM@582..583 "}"
      NEWLINE@583..584 "\n"
      ROXYGEN_MARKER@584..586 "#'"
      NEWLINE@586..587 "\n"
      ROXYGEN_PARAGRAPH@587..650
        ROXYGEN_MARKER@587..589 "#'"
        WHITESPACE@589..590 " "
        ROXYGEN_TEXT@590..649 "Mid-prose, a three-ar ..."
        NEWLINE@649..650 "\n"
      ROXYGEN_RD_MACRO@650..699
        ROXYGEN_MARKER@650..652 "#'"
        WHITESPACE@652..653 " "
        ROXYGEN_RD_MACRO_NAME@653..660 "\\ifelse"
        ROXYGEN_RD_MACRO_DELIM@660..661 "{"
        ROXYGEN_TEXT@661..665 "html"
        ROXYGEN_RD_MACRO_DELIM@665..666 "}"
        ROXYGEN_RD_MACRO_DELIM@666..667 "{"
        ROXYGEN_TEXT@667..670 "yes"
        ROXYGEN_RD_MACRO_DELIM@670..671 "}"
        ROXYGEN_RD_MACRO_DELIM@671..672 "{"
        ROXYGEN_TEXT@672..682 "a fallback"
        NEWLINE@682..683 "\n"
        ROXYGEN_MARKER@683..685 "#'"
        WHITESPACE@685..686 " "
        ROXYGEN_TEXT@686..698 "across lines"
        ROXYGEN_RD_MACRO_DELIM@698..699 "}"
      ROXYGEN_PARAGRAPH@699..714
        ROXYGEN_TEXT@699..713 " resumes here."
        NEWLINE@713..714 "\n"
      ROXYGEN_MARKER@714..716 "#'"
      NEWLINE@716..717 "\n"
    ROXYGEN_SECTION@717..776
      ROXYGEN_MARKER@717..719 "#'"
      WHITESPACE@719..720 " "
      ROXYGEN_TAG@720..728
        ROXYGEN_AT@720..721 "@"
        ROXYGEN_TAG_NAME@721..728 "details"
      NEWLINE@728..729 "\n"
      ROXYGEN_RD_MACRO@729..775
        ROXYGEN_MARKER@729..731 "#'"
        WHITESPACE@731..732 " "
        ROXYGEN_RD_MACRO_NAME@732..739 "\\ifelse"
        ROXYGEN_RD_MACRO_DELIM@739..740 "{"
        ROXYGEN_TEXT@740..744 "html"
        ROXYGEN_RD_MACRO_DELIM@744..745 "}"
        ROXYGEN_RD_MACRO_DELIM@745..746 "{"
        ROXYGEN_TEXT@746..775 "unterminated to the b ..."
      NEWLINE@775..776 "\n"
    ROXYGEN_SECTION@776..799
      ROXYGEN_MARKER@776..778 "#'"
      WHITESPACE@778..779 " "
      ROXYGEN_TAG@779..799
        ROXYGEN_AT@779..780 "@"
        ROXYGEN_TAG_NAME@780..784 "name"
        WHITESPACE@784..785 " "
        ROXYGEN_TEXT@785..799 "rd_macro_arity"
  NEWLINE@799..800 "\n"
  IDENT@800..804 "NULL"
  NEWLINE@804..805 "\n"
