---
source: tests/parser_snapshots.rs
expression: tree
---
ROOT@0..84
  ROXYGEN_BLOCK@0..64
    ROXYGEN_SECTION@0..58
      ROXYGEN_PARAGRAPH@0..58
        ROXYGEN_MARKER@0..2 "#'"
        WHITESPACE@2..3 " "
        ROXYGEN_TEXT@3..7 "See "
        ROXYGEN_MD_LINK@7..47
          ROXYGEN_MD_DELIM@7..8 "["
          ROXYGEN_TEXT@8..18 "the manual"
          ROXYGEN_MD_DELIM@18..47 "](https://example.org ..."
        ROXYGEN_TEXT@47..57 " for more."
        NEWLINE@57..58 "\n"
    ROXYGEN_SECTION@58..64
      ROXYGEN_MARKER@58..60 "#'"
      WHITESPACE@60..61 " "
      ROXYGEN_TAG@61..64
        ROXYGEN_AT@61..62 "@"
        ROXYGEN_TAG_NAME@62..64 "md"
  NEWLINE@64..65 "\n"
  ASSIGNMENT_EXPR@65..83
    IDENT@65..66 "f"
    WHITESPACE@66..67 " "
    ASSIGN_LEFT@67..69 "<-"
    WHITESPACE@69..70 " "
    FUNCTION_EXPR@70..83
      FUNCTION_KW@70..78 "function"
      LPAREN@78..79 "("
      IDENT@79..80 "x"
      RPAREN@80..81 ")"
      WHITESPACE@81..82 " "
      IDENT@82..83 "x"
  NEWLINE@83..84 "\n"
