---
source: tests/parser_snapshots.rs
expression: tree
---
ROOT@0..544
  ROXYGEN_BLOCK@0..446
    ROXYGEN_SECTION@0..12
      ROXYGEN_PARAGRAPH@0..9
        ROXYGEN_MARKER@0..2 "#'"
        WHITESPACE@2..3 " "
        ROXYGEN_TEXT@3..8 "Title"
        NEWLINE@8..9 "\n"
      ROXYGEN_MARKER@9..11 "#'"
      NEWLINE@11..12 "\n"
    ROXYGEN_SECTION@12..19
      ROXYGEN_MARKER@12..14 "#'"
      WHITESPACE@14..15 " "
      ROXYGEN_TAG@15..18
        ROXYGEN_AT@15..16 "@"
        ROXYGEN_TAG_NAME@16..18 "md"
      NEWLINE@18..19 "\n"
    ROXYGEN_SECTION@19..436
      ROXYGEN_MARKER@19..21 "#'"
      WHITESPACE@21..22 " "
      ROXYGEN_TAG@22..30
        ROXYGEN_AT@22..23 "@"
        ROXYGEN_TAG_NAME@23..30 "details"
      NEWLINE@30..31 "\n"
      ROXYGEN_MD_HTML_BLOCK@31..64
        ROXYGEN_MARKER@31..33 "#'"
        WHITESPACE@33..34 " "
        ROXYGEN_MD_HTML@34..40 "<span>"
        NEWLINE@40..41 "\n"
        ROXYGEN_MARKER@41..43 "#'"
        WHITESPACE@43..44 " "
        ROXYGEN_TEXT@44..64 "gathered until blank"
      NEWLINE@64..65 "\n"
      ROXYGEN_MARKER@65..67 "#'"
      NEWLINE@67..68 "\n"
      ROXYGEN_PARAGRAPH@68..87
        ROXYGEN_MARKER@68..70 "#'"
        WHITESPACE@70..71 " "
        ROXYGEN_TEXT@71..86 "after the block"
        NEWLINE@86..87 "\n"
      ROXYGEN_MARKER@87..89 "#'"
      NEWLINE@89..90 "\n"
      ROXYGEN_MD_HTML_BLOCK@90..126
        ROXYGEN_MARKER@90..92 "#'"
        WHITESPACE@92..93 " "
        ROXYGEN_MD_HTML@93..100 "</span>"
        NEWLINE@100..101 "\n"
        ROXYGEN_MARKER@101..103 "#'"
        WHITESPACE@103..104 " "
        ROXYGEN_TEXT@104..126 "closing form opens too"
      NEWLINE@126..127 "\n"
      ROXYGEN_MARKER@127..129 "#'"
      NEWLINE@129..130 "\n"
      ROXYGEN_MD_HTML_BLOCK@130..146
        ROXYGEN_MARKER@130..132 "#'"
        WHITESPACE@132..133 " "
        ROXYGEN_MD_HTML@133..146 "<custom-tag/>"
      NEWLINE@146..147 "\n"
      ROXYGEN_MARKER@147..149 "#'"
      NEWLINE@149..150 "\n"
      ROXYGEN_MD_HTML_BLOCK@150..187
        ROXYGEN_MARKER@150..152 "#'"
        WHITESPACE@152..153 " "
        ROXYGEN_MD_HTML@153..169 "<span class=\"a\">"
        NEWLINE@169..170 "\n"
        ROXYGEN_MARKER@170..172 "#'"
        WHITESPACE@172..173 " "
        ROXYGEN_TEXT@173..187 "attribute form"
      NEWLINE@187..188 "\n"
      ROXYGEN_MARKER@188..190 "#'"
      NEWLINE@190..191 "\n"
      ROXYGEN_MD_HTML_BLOCK@191..252
        ROXYGEN_MARKER@191..193 "#'"
        WHITESPACE@193..194 " "
        ROXYGEN_MD_HTML@194..200 "<pre/>"
        NEWLINE@200..201 "\n"
        ROXYGEN_MARKER@201..203 "#'"
        WHITESPACE@203..204 " "
        ROXYGEN_TEXT@204..252 "self-closing verbatim ..."
      NEWLINE@252..253 "\n"
      ROXYGEN_MARKER@253..255 "#'"
      NEWLINE@255..256 "\n"
      ROXYGEN_PARAGRAPH@256..342
        ROXYGEN_MARKER@256..258 "#'"
        WHITESPACE@258..259 " "
        ROXYGEN_TEXT@259..274 "prose paragraph"
        NEWLINE@274..275 "\n"
        ROXYGEN_MARKER@275..277 "#'"
        WHITESPACE@277..278 " "
        ROXYGEN_MD_HTML@278..284 "<span>"
        NEWLINE@284..285 "\n"
        ROXYGEN_MARKER@285..287 "#'"
        WHITESPACE@287..288 " "
        ROXYGEN_TEXT@288..341 "a mid-paragraph stand ..."
        NEWLINE@341..342 "\n"
      ROXYGEN_MARKER@342..344 "#'"
      NEWLINE@344..345 "\n"
      ROXYGEN_PARAGRAPH@345..391
        ROXYGEN_MARKER@345..347 "#'"
        WHITESPACE@347..348 " "
        ROXYGEN_MD_HTML@348..354 "<span>"
        ROXYGEN_TEXT@354..390 " trailing text disqua ..."
        NEWLINE@390..391 "\n"
      ROXYGEN_MARKER@391..393 "#'"
      NEWLINE@393..394 "\n"
      ROXYGEN_PARAGRAPH@394..436
        ROXYGEN_MARKER@394..396 "#'"
        WHITESPACE@396..397 " "
        ROXYGEN_TEXT@397..402 "<span"
        NEWLINE@402..403 "\n"
        ROXYGEN_MARKER@403..405 "#'"
        WHITESPACE@405..406 " "
        ROXYGEN_TEXT@406..435 "an incomplete tag sta ..."
        NEWLINE@435..436 "\n"
    ROXYGEN_SECTION@436..446
      ROXYGEN_MARKER@436..438 "#'"
      WHITESPACE@438..439 " "
      ROXYGEN_TAG@439..446
        ROXYGEN_AT@439..440 "@"
        ROXYGEN_TAG_NAME@440..444 "name"
        WHITESPACE@444..445 " "
        ROXYGEN_TEXT@445..446 "a"
  NEWLINE@446..447 "\n"
  IDENT@447..451 "NULL"
  NEWLINE@451..452 "\n"
  NEWLINE@452..453 "\n"
  ROXYGEN_BLOCK@453..538
    ROXYGEN_SECTION@453..465
      ROXYGEN_PARAGRAPH@453..462
        ROXYGEN_MARKER@453..455 "#'"
        WHITESPACE@455..456 " "
        ROXYGEN_TEXT@456..461 "Title"
        NEWLINE@461..462 "\n"
      ROXYGEN_MARKER@462..464 "#'"
      NEWLINE@464..465 "\n"
    ROXYGEN_SECTION@465..528
      ROXYGEN_MARKER@465..467 "#'"
      WHITESPACE@467..468 " "
      ROXYGEN_TAG@468..476
        ROXYGEN_AT@468..469 "@"
        ROXYGEN_TAG_NAME@469..476 "details"
      NEWLINE@476..477 "\n"
      ROXYGEN_PARAGRAPH@477..528
        ROXYGEN_MARKER@477..479 "#'"
        WHITESPACE@479..480 " "
        ROXYGEN_TEXT@480..486 "<span>"
        NEWLINE@486..487 "\n"
        ROXYGEN_MARKER@487..489 "#'"
        WHITESPACE@489..490 " "
        ROXYGEN_TEXT@490..527 "no markdown mode, sta ..."
        NEWLINE@527..528 "\n"
    ROXYGEN_SECTION@528..538
      ROXYGEN_MARKER@528..530 "#'"
      WHITESPACE@530..531 " "
      ROXYGEN_TAG@531..538
        ROXYGEN_AT@531..532 "@"
        ROXYGEN_TAG_NAME@532..536 "name"
        WHITESPACE@536..537 " "
        ROXYGEN_TEXT@537..538 "b"
  NEWLINE@538..539 "\n"
  IDENT@539..543 "NULL"
  NEWLINE@543..544 "\n"
