---
source: crates/arity-parser/tests/parser_snapshots.rs
assertion_line: 13
expression: tree
---
ROOT@0..675
  ROXYGEN_BLOCK@0..669
    ROXYGEN_SECTION@0..257
      ROXYGEN_PARAGRAPH@0..49
        ROXYGEN_MARKER@0..2 "#'"
        WHITESPACE@2..3 " "
        ROXYGEN_TEXT@3..48 "Wrapped inline Rd mac ..."
        NEWLINE@48..49 "\n"
      ROXYGEN_MARKER@49..51 "#'"
      NEWLINE@51..52 "\n"
      ROXYGEN_PARAGRAPH@52..254
        ROXYGEN_MARKER@52..54 "#'"
        WHITESPACE@54..55 " "
        ROXYGEN_TEXT@55..127 "An inline macro the a ..."
        NEWLINE@127..128 "\n"
        ROXYGEN_MARKER@128..130 "#'"
        WHITESPACE@130..131 " "
        ROXYGEN_TEXT@131..155 "opener lands: mid-prose "
        ROXYGEN_RD_MACRO@155..172
          ROXYGEN_RD_MACRO_NAME@155..160 "\\code"
          ROXYGEN_RD_MACRO_DELIM@160..161 "{"
          ROXYGEN_TEXT@161..165 "f(a,"
          NEWLINE@165..166 "\n"
          ROXYGEN_MARKER@166..168 "#'"
          WHITESPACE@168..169 " "
          ROXYGEN_TEXT@169..171 "b)"
          ROXYGEN_RD_MACRO_DELIM@171..172 "}"
        ROXYGEN_TEXT@172..198 " here, and at a line  ..."
        NEWLINE@198..199 "\n"
        ROXYGEN_MARKER@199..201 "#'"
        WHITESPACE@201..202 " "
        ROXYGEN_RD_MACRO@202..246
          ROXYGEN_RD_MACRO_NAME@202..207 "\\href"
          ROXYGEN_RD_MACRO_DELIM@207..208 "{"
          ROXYGEN_RD_MACRO_VERB@208..226 "http://example.org"
          ROXYGEN_RD_MACRO_DELIM@226..227 "}"
          ROXYGEN_RD_MACRO_DELIM@227..228 "{"
          ROXYGEN_TEXT@228..232 "over"
          NEWLINE@232..233 "\n"
          ROXYGEN_MARKER@233..235 "#'"
          WHITESPACE@235..236 " "
          ROXYGEN_TEXT@236..245 "two lines"
          ROXYGEN_RD_MACRO_DELIM@245..246 "}"
        ROXYGEN_TEXT@246..253 " there."
        NEWLINE@253..254 "\n"
      ROXYGEN_MARKER@254..256 "#'"
      NEWLINE@256..257 "\n"
    ROXYGEN_SECTION@257..319
      ROXYGEN_MARKER@257..259 "#'"
      WHITESPACE@259..260 " "
      ROXYGEN_TAG@260..318
        ROXYGEN_AT@260..261 "@"
        ROXYGEN_TAG_NAME@261..268 "details"
        WHITESPACE@268..269 " "
        ROXYGEN_RD_MACRO@269..288
          ROXYGEN_RD_MACRO_NAME@269..273 "\\eqn"
          ROXYGEN_RD_MACRO_DELIM@273..274 "{"
          NEWLINE@274..275 "\n"
          ROXYGEN_MARKER@275..277 "#'"
          WHITESPACE@277..280 "   "
          ROXYGEN_TEXT@280..283 "x^2"
          NEWLINE@283..284 "\n"
          ROXYGEN_MARKER@284..286 "#'"
          WHITESPACE@286..287 " "
          ROXYGEN_RD_MACRO_DELIM@287..288 "}"
        ROXYGEN_TEXT@288..318 " opened on the tag's  ..."
      NEWLINE@318..319 "\n"
    ROXYGEN_SECTION@319..441
      ROXYGEN_MARKER@319..321 "#'"
      WHITESPACE@321..322 " "
      ROXYGEN_TAG@322..440
        ROXYGEN_AT@322..323 "@"
        ROXYGEN_TAG_NAME@323..328 "param"
        WHITESPACE@328..329 " "
        ROXYGEN_TAG_ARG@329..330 "x"
        WHITESPACE@330..331 " "
        ROXYGEN_TEXT@331..393 "prose that continues  ..."
        NEWLINE@393..394 "\n"
        ROXYGEN_MARKER@394..396 "#'"
        WHITESPACE@396..399 "   "
        ROXYGEN_TEXT@399..410 "mid-prose: "
        ROXYGEN_RD_MACRO@410..440
          ROXYGEN_RD_MACRO_NAME@410..415 "\\code"
          ROXYGEN_RD_MACRO_DELIM@415..416 "{"
          ROXYGEN_TEXT@416..424 "c(\"top\","
          NEWLINE@424..425 "\n"
          ROXYGEN_MARKER@425..427 "#'"
          WHITESPACE@427..430 "   "
          ROXYGEN_TEXT@430..439 "\"bottom\")"
          ROXYGEN_RD_MACRO_DELIM@439..440 "}"
      NEWLINE@440..441 "\n"
    ROXYGEN_SECTION@441..545
      ROXYGEN_MARKER@441..443 "#'"
      WHITESPACE@443..444 " "
      ROXYGEN_TAG@444..544
        ROXYGEN_AT@444..445 "@"
        ROXYGEN_TAG_NAME@445..450 "param"
        WHITESPACE@450..451 " "
        ROXYGEN_TAG_ARG@451..452 "y"
        WHITESPACE@452..453 " "
        ROXYGEN_TEXT@453..508 "prose whose continuat ..."
        NEWLINE@508..509 "\n"
        ROXYGEN_MARKER@509..511 "#'"
        WHITESPACE@511..514 "   "
        ROXYGEN_RD_MACRO@514..544
          ROXYGEN_RD_MACRO_NAME@514..519 "\\code"
          ROXYGEN_RD_MACRO_DELIM@519..520 "{"
          ROXYGEN_TEXT@520..529 "c(\"left\","
          NEWLINE@529..530 "\n"
          ROXYGEN_MARKER@530..532 "#'"
          WHITESPACE@532..535 "   "
          ROXYGEN_TEXT@535..543 "\"right\")"
          ROXYGEN_RD_MACRO_DELIM@543..544 "}"
      NEWLINE@544..545 "\n"
    ROXYGEN_SECTION@545..640
      ROXYGEN_MARKER@545..547 "#'"
      WHITESPACE@547..548 " "
      ROXYGEN_TAG@548..591
        ROXYGEN_AT@548..549 "@"
        ROXYGEN_TAG_NAME@549..555 "return"
        WHITESPACE@555..556 " "
        ROXYGEN_TEXT@556..591 "A block macro still o ..."
      NEWLINE@591..592 "\n"
      ROXYGEN_RD_MACRO@592..639
        ROXYGEN_MARKER@592..594 "#'"
        WHITESPACE@594..595 " "
        ROXYGEN_RD_MACRO_NAME@595..603 "\\itemize"
        ROXYGEN_RD_MACRO_DELIM@603..604 "{"
        NEWLINE@604..605 "\n"
        ROXYGEN_MARKER@605..607 "#'"
        WHITESPACE@607..610 "   "
        ROXYGEN_RD_MACRO@610..615
          ROXYGEN_RD_MACRO_NAME@610..615 "\\item"
        WHITESPACE@615..616 " "
        ROXYGEN_TEXT@616..619 "one"
        NEWLINE@619..620 "\n"
        ROXYGEN_MARKER@620..622 "#'"
        WHITESPACE@622..625 "   "
        ROXYGEN_RD_MACRO@625..630
          ROXYGEN_RD_MACRO_NAME@625..630 "\\item"
        WHITESPACE@630..631 " "
        ROXYGEN_TEXT@631..634 "two"
        NEWLINE@634..635 "\n"
        ROXYGEN_MARKER@635..637 "#'"
        WHITESPACE@637..638 " "
        ROXYGEN_RD_MACRO_DELIM@638..639 "}"
      NEWLINE@639..640 "\n"
    ROXYGEN_SECTION@640..669
      ROXYGEN_MARKER@640..642 "#'"
      WHITESPACE@642..643 " "
      ROXYGEN_TAG@643..669
        ROXYGEN_AT@643..644 "@"
        ROXYGEN_TAG_NAME@644..648 "name"
        WHITESPACE@648..649 " "
        ROXYGEN_TEXT@649..669 "wrapped_inline_macro"
  NEWLINE@669..670 "\n"
  IDENT@670..674 "NULL"
  NEWLINE@674..675 "\n"
