---
source: tests/parser_snapshots.rs
expression: tree
---
ROOT@0..288
  ROXYGEN_BLOCK@0..60
    ROXYGEN_SECTION@0..12
      ROXYGEN_PARAGRAPH@0..9
        ROXYGEN_MARKER@0..2 "#'"
        WHITESPACE@2..3 " "
        ROXYGEN_TEXT@3..8 "Title"
        NEWLINE@8..9 "\n"
      ROXYGEN_MARKER@9..11 "#'"
      NEWLINE@11..12 "\n"
    ROXYGEN_SECTION@12..43
      ROXYGEN_MARKER@12..14 "#'"
      WHITESPACE@14..15 " "
      ROXYGEN_TAG@15..23
        ROXYGEN_AT@15..16 "@"
        ROXYGEN_TAG_NAME@16..23 "details"
      ROXYGEN_MD_THEMATIC_BREAK@23..27
        WHITESPACE@23..24 " "
        ROXYGEN_TEXT@24..27 "***"
      NEWLINE@27..28 "\n"
      ROXYGEN_PARAGRAPH@28..43
        ROXYGEN_MARKER@28..30 "#'"
        WHITESPACE@30..31 " "
        ROXYGEN_TEXT@31..42 "after break"
        NEWLINE@42..43 "\n"
    ROXYGEN_SECTION@43..50
      ROXYGEN_MARKER@43..45 "#'"
      WHITESPACE@45..46 " "
      ROXYGEN_TAG@46..49
        ROXYGEN_AT@46..47 "@"
        ROXYGEN_TAG_NAME@47..49 "md"
      NEWLINE@49..50 "\n"
    ROXYGEN_SECTION@50..60
      ROXYGEN_MARKER@50..52 "#'"
      WHITESPACE@52..53 " "
      ROXYGEN_TAG@53..60
        ROXYGEN_AT@53..54 "@"
        ROXYGEN_TAG_NAME@54..58 "name"
        WHITESPACE@58..59 " "
        ROXYGEN_TEXT@59..60 "a"
  NEWLINE@60..61 "\n"
  IDENT@61..65 "NULL"
  NEWLINE@65..66 "\n"
  NEWLINE@66..67 "\n"
  ROXYGEN_BLOCK@67..126
    ROXYGEN_SECTION@67..79
      ROXYGEN_PARAGRAPH@67..76
        ROXYGEN_MARKER@67..69 "#'"
        WHITESPACE@69..70 " "
        ROXYGEN_TEXT@70..75 "Title"
        NEWLINE@75..76 "\n"
      ROXYGEN_MARKER@76..78 "#'"
      NEWLINE@78..79 "\n"
    ROXYGEN_SECTION@79..109
      ROXYGEN_MARKER@79..81 "#'"
      WHITESPACE@81..82 " "
      ROXYGEN_TAG@82..90
        ROXYGEN_AT@82..83 "@"
        ROXYGEN_TAG_NAME@83..90 "details"
      ROXYGEN_MD_THEMATIC_BREAK@90..94
        WHITESPACE@90..91 " "
        ROXYGEN_TEXT@91..94 "---"
      NEWLINE@94..95 "\n"
      ROXYGEN_PARAGRAPH@95..109
        ROXYGEN_MARKER@95..97 "#'"
        WHITESPACE@97..98 " "
        ROXYGEN_TEXT@98..108 "after dash"
        NEWLINE@108..109 "\n"
    ROXYGEN_SECTION@109..116
      ROXYGEN_MARKER@109..111 "#'"
      WHITESPACE@111..112 " "
      ROXYGEN_TAG@112..115
        ROXYGEN_AT@112..113 "@"
        ROXYGEN_TAG_NAME@113..115 "md"
      NEWLINE@115..116 "\n"
    ROXYGEN_SECTION@116..126
      ROXYGEN_MARKER@116..118 "#'"
      WHITESPACE@118..119 " "
      ROXYGEN_TAG@119..126
        ROXYGEN_AT@119..120 "@"
        ROXYGEN_TAG_NAME@120..124 "name"
        WHITESPACE@124..125 " "
        ROXYGEN_TEXT@125..126 "b"
  NEWLINE@126..127 "\n"
  IDENT@127..131 "NULL"
  NEWLINE@131..132 "\n"
  NEWLINE@132..133 "\n"
  ROXYGEN_BLOCK@133..180
    ROXYGEN_SECTION@133..145
      ROXYGEN_PARAGRAPH@133..142
        ROXYGEN_MARKER@133..135 "#'"
        WHITESPACE@135..136 " "
        ROXYGEN_TEXT@136..141 "Title"
        NEWLINE@141..142 "\n"
      ROXYGEN_MARKER@142..144 "#'"
      NEWLINE@144..145 "\n"
    ROXYGEN_SECTION@145..163
      ROXYGEN_MARKER@145..147 "#'"
      WHITESPACE@147..148 " "
      ROXYGEN_TAG@148..156
        ROXYGEN_AT@148..149 "@"
        ROXYGEN_TAG_NAME@149..156 "details"
      ROXYGEN_MD_THEMATIC_BREAK@156..162
        WHITESPACE@156..157 " "
        ROXYGEN_TEXT@157..162 "- - -"
      NEWLINE@162..163 "\n"
    ROXYGEN_SECTION@163..170
      ROXYGEN_MARKER@163..165 "#'"
      WHITESPACE@165..166 " "
      ROXYGEN_TAG@166..169
        ROXYGEN_AT@166..167 "@"
        ROXYGEN_TAG_NAME@167..169 "md"
      NEWLINE@169..170 "\n"
    ROXYGEN_SECTION@170..180
      ROXYGEN_MARKER@170..172 "#'"
      WHITESPACE@172..173 " "
      ROXYGEN_TAG@173..180
        ROXYGEN_AT@173..174 "@"
        ROXYGEN_TAG_NAME@174..178 "name"
        WHITESPACE@178..179 " "
        ROXYGEN_TEXT@179..180 "c"
  NEWLINE@180..181 "\n"
  IDENT@181..185 "NULL"
  NEWLINE@185..186 "\n"
  NEWLINE@186..187 "\n"
  ROXYGEN_BLOCK@187..232
    ROXYGEN_SECTION@187..199
      ROXYGEN_PARAGRAPH@187..196
        ROXYGEN_MARKER@187..189 "#'"
        WHITESPACE@189..190 " "
        ROXYGEN_TEXT@190..195 "Title"
        NEWLINE@195..196 "\n"
      ROXYGEN_MARKER@196..198 "#'"
      NEWLINE@198..199 "\n"
    ROXYGEN_SECTION@199..215
      ROXYGEN_MARKER@199..201 "#'"
      WHITESPACE@201..202 " "
      ROXYGEN_TAG@202..214
        ROXYGEN_AT@202..203 "@"
        ROXYGEN_TAG_NAME@203..210 "details"
        WHITESPACE@210..211 " "
        ROXYGEN_TEXT@211..214 "==="
      NEWLINE@214..215 "\n"
    ROXYGEN_SECTION@215..222
      ROXYGEN_MARKER@215..217 "#'"
      WHITESPACE@217..218 " "
      ROXYGEN_TAG@218..221
        ROXYGEN_AT@218..219 "@"
        ROXYGEN_TAG_NAME@219..221 "md"
      NEWLINE@221..222 "\n"
    ROXYGEN_SECTION@222..232
      ROXYGEN_MARKER@222..224 "#'"
      WHITESPACE@224..225 " "
      ROXYGEN_TAG@225..232
        ROXYGEN_AT@225..226 "@"
        ROXYGEN_TAG_NAME@226..230 "name"
        WHITESPACE@230..231 " "
        ROXYGEN_TEXT@231..232 "d"
  NEWLINE@232..233 "\n"
  IDENT@233..237 "NULL"
  NEWLINE@237..238 "\n"
  NEWLINE@238..239 "\n"
  ROXYGEN_BLOCK@239..282
    ROXYGEN_SECTION@239..256
      ROXYGEN_PARAGRAPH@239..253
        ROXYGEN_MARKER@239..241 "#'"
        WHITESPACE@241..242 " "
        ROXYGEN_TEXT@242..252 "No md mode"
        NEWLINE@252..253 "\n"
      ROXYGEN_MARKER@253..255 "#'"
      NEWLINE@255..256 "\n"
    ROXYGEN_SECTION@256..272
      ROXYGEN_MARKER@256..258 "#'"
      WHITESPACE@258..259 " "
      ROXYGEN_TAG@259..271
        ROXYGEN_AT@259..260 "@"
        ROXYGEN_TAG_NAME@260..267 "details"
        WHITESPACE@267..268 " "
        ROXYGEN_TEXT@268..271 "***"
      NEWLINE@271..272 "\n"
    ROXYGEN_SECTION@272..282
      ROXYGEN_MARKER@272..274 "#'"
      WHITESPACE@274..275 " "
      ROXYGEN_TAG@275..282
        ROXYGEN_AT@275..276 "@"
        ROXYGEN_TAG_NAME@276..280 "name"
        WHITESPACE@280..281 " "
        ROXYGEN_TEXT@281..282 "e"
  NEWLINE@282..283 "\n"
  IDENT@283..287 "NULL"
  NEWLINE@287..288 "\n"
